ARM Linker, 5.03 [Build 76] [MDK-ARM Lite]

==============================================================================

Section Cross References

    startup_tm4c123.o(STACK) refers (Special) to heapauxi.o(.text) for __use_two_region_memory
    startup_tm4c123.o(HEAP) refers (Special) to heapauxi.o(.text) for __use_two_region_memory
    startup_tm4c123.o(RESET) refers (Special) to heapauxi.o(.text) for __use_two_region_memory
    startup_tm4c123.o(RESET) refers to startup_tm4c123.o(STACK) for __initial_sp
    startup_tm4c123.o(RESET) refers to startup_tm4c123.o(.text) for Reset_Handler
    startup_tm4c123.o(.text) refers (Special) to heapauxi.o(.text) for __use_two_region_memory
    startup_tm4c123.o(.text) refers to main.o(.text) for SystemInit
    startup_tm4c123.o(.text) refers to startup_tm4c123.o(HEAP) for Heap_Mem
    startup_tm4c123.o(.text) refers to startup_tm4c123.o(STACK) for Stack_Mem
    main.o(.text) refers to initialization.o(.text) for LCD_init
    main.o(.text) refers to key_pad_init.o(.text) for keypad_init
    main.o(.text) refers to led.o(.text) for PortF_Init
    main.o(.text) refers to get_key.o(.text) for keypad_getkey
    main.o(.text) refers to delay.o(.text) for Delay_ms
    main.o(.text) refers to change_decimal.o(.text) for change_decimal
    main.o(.text) refers to compute.o(.text) for compute
    main.o(.text) refers to dec_char.o(.text) for Dec_char
    main.o(.text) refers to dflt_clz.o(x$fpl$dflt) for __aeabi_i2d
    main.o(.text) refers to pow.o(i.__hardfp_pow) for __hardfp_pow
    main.o(.text) refers to f2d.o(x$fpl$f2d) for __aeabi_f2d
    main.o(.text) refers to dmul.o(x$fpl$dmul) for __aeabi_dmul
    main.o(.text) refers to d2f.o(x$fpl$d2f) for __aeabi_d2f
    initialization.o(.text) refers to delay.o(.text) for Delay_ms
    dec_char.o(.text) refers to initialization.o(.text) for LCD_data
    change_decimal.o(.text) refers to f2d.o(x$fpl$f2d) for __aeabi_f2d
    change_decimal.o(.text) refers to pow.o(i.__hardfp_pow) for __hardfp_pow
    change_decimal.o(.text) refers to dflt_clz.o(x$fpl$dflt) for __aeabi_i2d
    change_decimal.o(.text) refers to dmul.o(x$fpl$dmul) for __aeabi_dmul
    change_decimal.o(.text) refers to daddsub_clz.o(x$fpl$dadd) for __aeabi_dadd
    change_decimal.o(.text) refers to d2f.o(x$fpl$d2f) for __aeabi_d2f
    get_key.o(.text) refers to delay.o(.text) for Delay_ms
    get_key.o(.text) refers to get_key.o(.constdata) for .constdata
    __main.o(!!!main) refers to rtentry.o(.ARM.Collect$$rtentry$$00000000) for __rt_entry
    d2f.o(x$fpl$d2f) refers (Special) to usenofp.o(x$fpl$usenofp) for __I$use$fp
    d2f.o(x$fpl$d2f) refers to fretinf.o(x$fpl$fretinf) for __fpl_fretinf
    d2f.o(x$fpl$d2f) refers to dnaninf.o(x$fpl$dnaninf) for __fpl_dnaninf
    daddsub_clz.o(x$fpl$dadd) refers (Special) to usenofp.o(x$fpl$usenofp) for __I$use$fp
    daddsub_clz.o(x$fpl$dadd) refers to daddsub_clz.o(x$fpl$dsub) for _dsub1
    daddsub_clz.o(x$fpl$dadd) refers to dretinf.o(x$fpl$dretinf) for __fpl_dretinf
    daddsub_clz.o(x$fpl$dadd) refers to dnaninf.o(x$fpl$dnaninf) for __fpl_dnaninf
    daddsub_clz.o(x$fpl$drsb) refers (Special) to usenofp.o(x$fpl$usenofp) for __I$use$fp
    daddsub_clz.o(x$fpl$drsb) refers to daddsub_clz.o(x$fpl$dadd) for _dadd1
    daddsub_clz.o(x$fpl$drsb) refers to daddsub_clz.o(x$fpl$dsub) for _dsub1
    daddsub_clz.o(x$fpl$dsub) refers (Special) to usenofp.o(x$fpl$usenofp) for __I$use$fp
    daddsub_clz.o(x$fpl$dsub) refers to daddsub_clz.o(x$fpl$dadd) for _dadd1
    daddsub_clz.o(x$fpl$dsub) refers to dnaninf.o(x$fpl$dnaninf) for __fpl_dnaninf
    dflt_clz.o(x$fpl$dfltu) refers (Special) to usenofp.o(x$fpl$usenofp) for __I$use$fp
    dflt_clz.o(x$fpl$dflt) refers (Special) to usenofp.o(x$fpl$usenofp) for __I$use$fp
    dflt_clz.o(x$fpl$dfltn) refers (Special) to usenofp.o(x$fpl$usenofp) for __I$use$fp
    dmul.o(x$fpl$dmul) refers (Special) to usenofp.o(x$fpl$usenofp) for __I$use$fp
    dmul.o(x$fpl$dmul) refers to dretinf.o(x$fpl$dretinf) for __fpl_dretinf
    dmul.o(x$fpl$dmul) refers to dnaninf.o(x$fpl$dnaninf) for __fpl_dnaninf
    f2d.o(x$fpl$f2d) refers (Special) to usenofp.o(x$fpl$usenofp) for __I$use$fp
    f2d.o(x$fpl$f2d) refers to fnaninf.o(x$fpl$fnaninf) for __fpl_fnaninf
    f2d.o(x$fpl$f2d) refers to dretinf.o(x$fpl$dretinf) for __fpl_dretinf
    pow.o(i.__hardfp_pow) refers (Special) to usenofp.o(x$fpl$usenofp) for __I$use$fp
    pow.o(i.__hardfp_pow) refers to daddsub_clz.o(x$fpl$dadd) for __aeabi_dadd
    pow.o(i.__hardfp_pow) refers to _rserrno.o(.text) for __set_errno
    pow.o(i.__hardfp_pow) refers to basic.o(x$fpl$basic) for __aeabi_dneg
    pow.o(i.__hardfp_pow) refers to dmul.o(x$fpl$dmul) for __aeabi_dmul
    pow.o(i.__hardfp_pow) refers to ddiv.o(x$fpl$ddiv) for __aeabi_ddiv
    pow.o(i.__hardfp_pow) refers to sqrt.o(i.sqrt) for sqrt
    pow.o(i.__hardfp_pow) refers to fabs.o(i.fabs) for fabs
    pow.o(i.__hardfp_pow) refers to dunder.o(i.__mathlib_dbl_underflow) for __mathlib_dbl_underflow
    pow.o(i.__hardfp_pow) refers to daddsub_clz.o(x$fpl$dsub) for __aeabi_dsub
    pow.o(i.__hardfp_pow) refers to daddsub_clz.o(x$fpl$drsb) for __aeabi_drsub
    pow.o(i.__hardfp_pow) refers to qnan.o(.constdata) for __mathlib_zero
    pow.o(i.__hardfp_pow) refers to poly.o(i.__kernel_poly) for __kernel_poly
    pow.o(i.__hardfp_pow) refers to dflt_clz.o(x$fpl$dflt) for __aeabi_i2d
    pow.o(i.__hardfp_pow) refers to pow.o(.constdata) for .constdata
    pow.o(i.__hardfp_pow) refers to drleqf.o(x$fpl$drleqf) for __aeabi_cdrcmple
    pow.o(i.__hardfp_pow) refers to scalbn.o(x$fpl$scalbn) for __ARM_scalbn
    pow.o(i.__hardfp_pow) refers to fpclassify.o(i.__ARM_fpclassify) for __ARM_fpclassify
    pow.o(i.__softfp_pow) refers (Special) to usenofp.o(x$fpl$usenofp) for __I$use$fp
    pow.o(i.__softfp_pow) refers to pow.o(i.__hardfp_pow) for __hardfp_pow
    pow.o(i.pow) refers (Special) to usenofp.o(x$fpl$usenofp) for __I$use$fp
    pow.o(i.pow) refers to pow.o(i.__hardfp_pow) for __hardfp_pow
    pow.o(.constdata) refers (Special) to usenofp.o(x$fpl$usenofp) for __I$use$fp
    pow_x.o(i.____hardfp_pow$lsc) refers (Special) to usenofp.o(x$fpl$usenofp) for __I$use$fp
    pow_x.o(i.____hardfp_pow$lsc) refers to daddsub_clz.o(x$fpl$dadd) for __aeabi_dadd
    pow_x.o(i.____hardfp_pow$lsc) refers to _rserrno.o(.text) for __set_errno
    pow_x.o(i.____hardfp_pow$lsc) refers to basic.o(x$fpl$basic) for __aeabi_dneg
    pow_x.o(i.____hardfp_pow$lsc) refers to ddiv.o(x$fpl$ddiv) for __aeabi_ddiv
    pow_x.o(i.____hardfp_pow$lsc) refers to sqrt.o(i.sqrt) for sqrt
    pow_x.o(i.____hardfp_pow$lsc) refers to fabs.o(i.fabs) for fabs
    pow_x.o(i.____hardfp_pow$lsc) refers to dflt_clz.o(x$fpl$dflt) for __aeabi_i2d
    pow_x.o(i.____hardfp_pow$lsc) refers to daddsub_clz.o(x$fpl$dsub) for __aeabi_dsub
    pow_x.o(i.____hardfp_pow$lsc) refers to dmul.o(x$fpl$dmul) for __aeabi_dmul
    pow_x.o(i.____hardfp_pow$lsc) refers to daddsub_clz.o(x$fpl$drsb) for __aeabi_drsub
    pow_x.o(i.____hardfp_pow$lsc) refers to qnan.o(.constdata) for __mathlib_zero
    pow_x.o(i.____hardfp_pow$lsc) refers to poly.o(i.__kernel_poly) for __kernel_poly
    pow_x.o(i.____hardfp_pow$lsc) refers to pow_x.o(.constdata) for .constdata
    pow_x.o(i.____hardfp_pow$lsc) refers to drleqf.o(x$fpl$drleqf) for __aeabi_cdrcmple
    pow_x.o(i.____hardfp_pow$lsc) refers to scalbn.o(x$fpl$scalbn) for __ARM_scalbn
    pow_x.o(i.____softfp_pow$lsc) refers (Special) to usenofp.o(x$fpl$usenofp) for __I$use$fp
    pow_x.o(i.____softfp_pow$lsc) refers to pow_x.o(i.____hardfp_pow$lsc) for ____hardfp_pow$lsc
    pow_x.o(i.__pow$lsc) refers (Special) to usenofp.o(x$fpl$usenofp) for __I$use$fp
    pow_x.o(i.__pow$lsc) refers to pow_x.o(i.____hardfp_pow$lsc) for ____hardfp_pow$lsc
    pow_x.o(.constdata) refers (Special) to usenofp.o(x$fpl$usenofp) for __I$use$fp
    rtentry.o(.ARM.Collect$$rtentry$$00000000) refers (Special) to rtentry2.o(.ARM.Collect$$rtentry$$0000000A) for __rt_entry_li
    rtentry.o(.ARM.Collect$$rtentry$$00000000) refers (Special) to rtentry2.o(.ARM.Collect$$rtentry$$0000000D) for __rt_entry_main
    rtentry.o(.ARM.Collect$$rtentry$$00000000) refers (Special) to rtentry2.o(.ARM.Collect$$rtentry$$0000000C) for __rt_entry_postli_1
    rtentry.o(.ARM.Collect$$rtentry$$00000000) refers (Special) to rtentry2.o(.ARM.Collect$$rtentry$$00000009) for __rt_entry_postsh_1
    rtentry.o(.ARM.Collect$$rtentry$$00000000) refers (Special) to rtentry2.o(.ARM.Collect$$rtentry$$00000002) for __rt_entry_presh_1
    rtentry.o(.ARM.Collect$$rtentry$$00000000) refers (Special) to rtentry4.o(.ARM.Collect$$rtentry$$00000004) for __rt_entry_sh
    _rserrno.o(.text) refers to rt_errno_addr_intlibspace.o(.text) for __aeabi_errno_addr
    basic.o(x$fpl$basic) refers (Special) to usenofp.o(x$fpl$usenofp) for __I$use$fp
    ddiv.o(x$fpl$drdiv) refers (Special) to usenofp.o(x$fpl$usenofp) for __I$use$fp
    ddiv.o(x$fpl$drdiv) refers to ddiv.o(x$fpl$ddiv) for ddiv_entry
    ddiv.o(x$fpl$ddiv) refers (Special) to usenofp.o(x$fpl$usenofp) for __I$use$fp
    ddiv.o(x$fpl$ddiv) refers to dretinf.o(x$fpl$dretinf) for __fpl_dretinf
    ddiv.o(x$fpl$ddiv) refers to dnaninf.o(x$fpl$dnaninf) for __fpl_dnaninf
    dnaninf.o(x$fpl$dnaninf) refers (Special) to usenofp.o(x$fpl$usenofp) for __I$use$fp
    dretinf.o(x$fpl$dretinf) refers (Special) to usenofp.o(x$fpl$usenofp) for __I$use$fp
    drleqf.o(x$fpl$drleqf) refers (Special) to usenofp.o(x$fpl$usenofp) for __I$use$fp
    drleqf.o(x$fpl$drleqf) refers to dleqf.o(x$fpl$dleqf) for __fpl_dcmple_InfNaN
    fnaninf.o(x$fpl$fnaninf) refers (Special) to usenofp.o(x$fpl$usenofp) for __I$use$fp
    fretinf.o(x$fpl$fretinf) refers (Special) to usenofp.o(x$fpl$usenofp) for __I$use$fp
    scalbn.o(x$fpl$scalbn) refers (Special) to usenofp.o(x$fpl$usenofp) for __I$use$fp
    scalbn.o(x$fpl$scalbn) refers to dcheck1.o(x$fpl$dcheck1) for __fpl_dcheck_NaN1
    dunder.o(i.__mathlib_dbl_underflow) refers to dmul.o(x$fpl$dmul) for __aeabi_dmul
    fabs.o(i.__hardfp_fabs) refers (Special) to usenofp.o(x$fpl$usenofp) for __I$use$fp
    fabs.o(i.__softfp_fabs) refers (Special) to usenofp.o(x$fpl$usenofp) for __I$use$fp
    fabs.o(i.fabs) refers (Special) to usenofp.o(x$fpl$usenofp) for __I$use$fp
    fpclassify.o(i.__ARM_fpclassify) refers (Special) to usenofp.o(x$fpl$usenofp) for __I$use$fp
    poly.o(i.__kernel_poly) refers (Special) to usenofp.o(x$fpl$usenofp) for __I$use$fp
    poly.o(i.__kernel_poly) refers to dmul.o(x$fpl$dmul) for __aeabi_dmul
    poly.o(i.__kernel_poly) refers to daddsub_clz.o(x$fpl$dadd) for __aeabi_dadd
    qnan.o(.constdata) refers (Special) to usenofp.o(x$fpl$usenofp) for __I$use$fp
    sqrt.o(i.__hardfp_sqrt) refers (Special) to usenofp.o(x$fpl$usenofp) for __I$use$fp
    sqrt.o(i.__hardfp_sqrt) refers to dsqrt_umaal.o(x$fpl$dsqrt) for _dsqrt
    sqrt.o(i.__hardfp_sqrt) refers to _rserrno.o(.text) for __set_errno
    sqrt.o(i.__softfp_sqrt) refers (Special) to usenofp.o(x$fpl$usenofp) for __I$use$fp
    sqrt.o(i.__softfp_sqrt) refers to dsqrt_umaal.o(x$fpl$dsqrt) for _dsqrt
    sqrt.o(i.__softfp_sqrt) refers to _rserrno.o(.text) for __set_errno
    sqrt.o(i.sqrt) refers (Special) to usenofp.o(x$fpl$usenofp) for __I$use$fp
    sqrt.o(i.sqrt) refers to dsqrt_umaal.o(x$fpl$dsqrt) for _dsqrt
    sqrt.o(i.sqrt) refers to _rserrno.o(.text) for __set_errno
    sqrt_x.o(i.____hardfp_sqrt$lsc) refers (Special) to usenofp.o(x$fpl$usenofp) for __I$use$fp
    sqrt_x.o(i.____hardfp_sqrt$lsc) refers to dleqf.o(x$fpl$dleqf) for __aeabi_cdcmple
    sqrt_x.o(i.____hardfp_sqrt$lsc) refers to _rserrno.o(.text) for __set_errno
    sqrt_x.o(i.____hardfp_sqrt$lsc) refers to dsqrt_umaal.o(x$fpl$dsqrt) for _dsqrt
    sqrt_x.o(i.____softfp_sqrt$lsc) refers (Special) to usenofp.o(x$fpl$usenofp) for __I$use$fp
    sqrt_x.o(i.____softfp_sqrt$lsc) refers to dleqf.o(x$fpl$dleqf) for __aeabi_cdcmple
    sqrt_x.o(i.____softfp_sqrt$lsc) refers to _rserrno.o(.text) for __set_errno
    sqrt_x.o(i.____softfp_sqrt$lsc) refers to dsqrt_umaal.o(x$fpl$dsqrt) for _dsqrt
    sqrt_x.o(i.__sqrt$lsc) refers (Special) to usenofp.o(x$fpl$usenofp) for __I$use$fp
    sqrt_x.o(i.__sqrt$lsc) refers to dleqf.o(x$fpl$dleqf) for __aeabi_cdcmple
    sqrt_x.o(i.__sqrt$lsc) refers to _rserrno.o(.text) for __set_errno
    sqrt_x.o(i.__sqrt$lsc) refers to dsqrt_umaal.o(x$fpl$dsqrt) for _dsqrt
    rtentry2.o(.ARM.Collect$$rtentry$$00000008) refers to boardinit2.o(.text) for _platform_post_stackheap_init
    rtentry2.o(.ARM.Collect$$rtentry$$0000000A) refers to libinit.o(.ARM.Collect$$libinit$$00000000) for __rt_lib_init
    rtentry2.o(.ARM.Collect$$rtentry$$0000000B) refers to boardinit3.o(.text) for _platform_post_lib_init
    rtentry2.o(.ARM.Collect$$rtentry$$0000000D) refers to main.o(.text) for main
    rtentry2.o(.ARM.Collect$$rtentry$$0000000D) refers to exit.o(.text) for exit
    rtentry2.o(.ARM.exidx) refers to rtentry2.o(.ARM.Collect$$rtentry$$00000001) for .ARM.Collect$$rtentry$$00000001
    rtentry2.o(.ARM.exidx) refers to rtentry2.o(.ARM.Collect$$rtentry$$00000008) for .ARM.Collect$$rtentry$$00000008
    rtentry2.o(.ARM.exidx) refers to rtentry2.o(.ARM.Collect$$rtentry$$0000000A) for .ARM.Collect$$rtentry$$0000000A
    rtentry2.o(.ARM.exidx) refers to rtentry2.o(.ARM.Collect$$rtentry$$0000000B) for .ARM.Collect$$rtentry$$0000000B
    rtentry2.o(.ARM.exidx) refers to rtentry2.o(.ARM.Collect$$rtentry$$0000000D) for .ARM.Collect$$rtentry$$0000000D
    rtentry4.o(.ARM.Collect$$rtentry$$00000004) refers to sys_stackheap_outer.o(.text) for __user_setup_stackheap
    rtentry4.o(.ARM.exidx) refers to rtentry4.o(.ARM.Collect$$rtentry$$00000004) for .ARM.Collect$$rtentry$$00000004
    rt_errno_addr.o(.text) refers to rt_errno_addr.o(.bss) for __aeabi_errno_addr_data
    rt_errno_addr_intlibspace.o(.text) refers to libspace.o(.bss) for __libspace_start
    dcheck1.o(x$fpl$dcheck1) refers (Special) to usenofp.o(x$fpl$usenofp) for __I$use$fp
    dcheck1.o(x$fpl$dcheck1) refers to retnan.o(x$fpl$retnan) for __fpl_return_NaN
    dleqf.o(x$fpl$dleqf) refers (Special) to usenofp.o(x$fpl$usenofp) for __I$use$fp
    dleqf.o(x$fpl$dleqf) refers to dnaninf.o(x$fpl$dnaninf) for __fpl_dnaninf
    dleqf.o(x$fpl$dleqf) refers to dcmpi.o(x$fpl$dcmpinf) for __fpl_dcmp_Inf
    dsqrt_umaal.o(x$fpl$dsqrt) refers (Special) to usenofp.o(x$fpl$usenofp) for __I$use$fp
    dsqrt_umaal.o(x$fpl$dsqrt) refers to dnaninf.o(x$fpl$dnaninf) for __fpl_dnaninf
    libspace.o(.text) refers to libspace.o(.bss) for __libspace_start
    sys_stackheap_outer.o(.text) refers to libspace.o(.text) for __user_perproc_libspace
    sys_stackheap_outer.o(.text) refers to startup_tm4c123.o(.text) for __user_initial_stackheap
    exit.o(.text) refers to rtexit.o(.ARM.Collect$$rtexit$$00000000) for __rt_exit
    libinit.o(.ARM.Collect$$libinit$$00000000) refers (Special) to libinit2.o(.ARM.Collect$$libinit$$0000002C) for __rt_lib_init_alloca_1
    libinit.o(.ARM.Collect$$libinit$$00000000) refers (Special) to libinit2.o(.ARM.Collect$$libinit$$0000002A) for __rt_lib_init_argv_1
    libinit.o(.ARM.Collect$$libinit$$00000000) refers (Special) to libinit2.o(.ARM.Collect$$libinit$$00000019) for __rt_lib_init_atexit_1
    libinit.o(.ARM.Collect$$libinit$$00000000) refers (Special) to libinit2.o(.ARM.Collect$$libinit$$0000001F) for __rt_lib_init_clock_1
    libinit.o(.ARM.Collect$$libinit$$00000000) refers (Special) to libinit2.o(.ARM.Collect$$libinit$$00000030) for __rt_lib_init_cpp_1
    libinit.o(.ARM.Collect$$libinit$$00000000) refers (Special) to libinit2.o(.ARM.Collect$$libinit$$0000002E) for __rt_lib_init_exceptions_1
    libinit.o(.ARM.Collect$$libinit$$00000000) refers (Special) to libinit2.o(.ARM.Collect$$libinit$$00000001) for __rt_lib_init_fp_1
    libinit.o(.ARM.Collect$$libinit$$00000000) refers (Special) to libinit2.o(.ARM.Collect$$libinit$$0000001D) for __rt_lib_init_fp_trap_1
    libinit.o(.ARM.Collect$$libinit$$00000000) refers (Special) to libinit2.o(.ARM.Collect$$libinit$$00000021) for __rt_lib_init_getenv_1
    libinit.o(.ARM.Collect$$libinit$$00000000) refers (Special) to libinit2.o(.ARM.Collect$$libinit$$00000008) for __rt_lib_init_heap_1
    libinit.o(.ARM.Collect$$libinit$$00000000) refers (Special) to libinit2.o(.ARM.Collect$$libinit$$0000000F) for __rt_lib_init_lc_collate_1
    libinit.o(.ARM.Collect$$libinit$$00000000) refers (Special) to libinit2.o(.ARM.Collect$$libinit$$00000011) for __rt_lib_init_lc_ctype_1
    libinit.o(.ARM.Collect$$libinit$$00000000) refers (Special) to libinit2.o(.ARM.Collect$$libinit$$00000013) for __rt_lib_init_lc_monetary_1
    libinit.o(.ARM.Collect$$libinit$$00000000) refers (Special) to libinit2.o(.ARM.Collect$$libinit$$00000015) for __rt_lib_init_lc_numeric_1
    libinit.o(.ARM.Collect$$libinit$$00000000) refers (Special) to libinit2.o(.ARM.Collect$$libinit$$00000017) for __rt_lib_init_lc_time_1
    libinit.o(.ARM.Collect$$libinit$$00000000) refers (Special) to libinit2.o(.ARM.Collect$$libinit$$0000000C) for __rt_lib_init_rand_1
    libinit.o(.ARM.Collect$$libinit$$00000000) refers (Special) to libinit2.o(.ARM.Collect$$libinit$$00000031) for __rt_lib_init_return
    libinit.o(.ARM.Collect$$libinit$$00000000) refers (Special) to libinit2.o(.ARM.Collect$$libinit$$0000001B) for __rt_lib_init_signal_1
    libinit.o(.ARM.Collect$$libinit$$00000000) refers (Special) to libinit2.o(.ARM.Collect$$libinit$$00000023) for __rt_lib_init_stdio_1
    libinit.o(.ARM.Collect$$libinit$$00000000) refers (Special) to libinit2.o(.ARM.Collect$$libinit$$0000000A) for __rt_lib_init_user_alloc_1
    dcmpi.o(x$fpl$dcmpinf) refers (Special) to usenofp.o(x$fpl$usenofp) for __I$use$fp
    retnan.o(x$fpl$retnan) refers (Special) to usenofp.o(x$fpl$usenofp) for __I$use$fp
    retnan.o(x$fpl$retnan) refers to trapv.o(x$fpl$trapveneer) for __fpl_cmpreturn
    rtexit.o(.ARM.Collect$$rtexit$$00000000) refers (Special) to rtexit2.o(.ARM.Collect$$rtexit$$00000004) for __rt_exit_exit
    rtexit.o(.ARM.Collect$$rtexit$$00000000) refers (Special) to rtexit2.o(.ARM.Collect$$rtexit$$00000003) for __rt_exit_ls
    rtexit.o(.ARM.Collect$$rtexit$$00000000) refers (Special) to rtexit2.o(.ARM.Collect$$rtexit$$00000002) for __rt_exit_prels_1
    rtexit.o(.ARM.exidx) refers (Special) to rtexit2.o(.ARM.Collect$$rtexit$$00000004) for __rt_exit_exit
    rtexit.o(.ARM.exidx) refers (Special) to rtexit2.o(.ARM.Collect$$rtexit$$00000003) for __rt_exit_ls
    rtexit.o(.ARM.exidx) refers (Special) to rtexit2.o(.ARM.Collect$$rtexit$$00000002) for __rt_exit_prels_1
    rtexit.o(.ARM.exidx) refers to rtexit.o(.ARM.Collect$$rtexit$$00000000) for .ARM.Collect$$rtexit$$00000000
    libinit2.o(.ARM.Collect$$libinit$$00000001) refers to fpinit.o(x$fpl$fpinit) for _fp_init
    libinit2.o(.ARM.Collect$$libinit$$0000000E) refers to libinit2.o(.ARM.Collect$$libinit$$0000000D) for .ARM.Collect$$libinit$$0000000D
    libinit2.o(.ARM.Collect$$libinit$$00000010) refers to libinit2.o(.ARM.Collect$$libinit$$0000000D) for .ARM.Collect$$libinit$$0000000D
    libinit2.o(.ARM.Collect$$libinit$$00000012) refers to libinit2.o(.ARM.Collect$$libinit$$0000000D) for .ARM.Collect$$libinit$$0000000D
    libinit2.o(.ARM.Collect$$libinit$$00000014) refers to libinit2.o(.ARM.Collect$$libinit$$0000000D) for .ARM.Collect$$libinit$$0000000D
    libinit2.o(.ARM.Collect$$libinit$$00000016) refers to libinit2.o(.ARM.Collect$$libinit$$0000000D) for .ARM.Collect$$libinit$$0000000D
    libinit2.o(.ARM.Collect$$libinit$$00000024) refers to argv_veneer.o(.emb_text) for __ARM_argv_veneer
    libinit2.o(.ARM.Collect$$libinit$$00000025) refers to argv_veneer.o(.emb_text) for __ARM_argv_veneer
    trapv.o(x$fpl$trapveneer) refers (Special) to usenofp.o(x$fpl$usenofp) for __I$use$fp
    rtexit2.o(.ARM.Collect$$rtexit$$00000003) refers to libshutdown.o(.ARM.Collect$$libshutdown$$00000000) for __rt_lib_shutdown
    rtexit2.o(.ARM.Collect$$rtexit$$00000004) refers to sys_exit.o(.text) for _sys_exit
    rtexit2.o(.ARM.exidx) refers to rtexit2.o(.ARM.Collect$$rtexit$$00000001) for .ARM.Collect$$rtexit$$00000001
    rtexit2.o(.ARM.exidx) refers to rtexit2.o(.ARM.Collect$$rtexit$$00000003) for .ARM.Collect$$rtexit$$00000003
    rtexit2.o(.ARM.exidx) refers to rtexit2.o(.ARM.Collect$$rtexit$$00000004) for .ARM.Collect$$rtexit$$00000004
    argv_veneer.o(.emb_text) refers to no_argv.o(.text) for __ARM_get_argv
    sys_exit.o(.text) refers (Special) to use_no_semi.o(.text) for __I$use$semihosting
    sys_exit.o(.text) refers (Special) to indicate_semi.o(.text) for __semihosting_library_function
    _get_argv_nomalloc.o(.text) refers (Special) to hrguard.o(.text) for __heap_region$guard
    _get_argv_nomalloc.o(.text) refers to defsig_rtmem_outer.o(.text) for __rt_SIGRTMEM
    _get_argv_nomalloc.o(.text) refers to sys_command.o(.text) for _sys_command_string
    libshutdown.o(.ARM.Collect$$libshutdown$$00000000) refers (Special) to libshutdown2.o(.ARM.Collect$$libshutdown$$00000006) for __rt_lib_shutdown_fp_trap_1
    libshutdown.o(.ARM.Collect$$libshutdown$$00000000) refers (Special) to libshutdown2.o(.ARM.Collect$$libshutdown$$0000000E) for __rt_lib_shutdown_heap_1
    libshutdown.o(.ARM.Collect$$libshutdown$$00000000) refers (Special) to libshutdown2.o(.ARM.Collect$$libshutdown$$0000000F) for __rt_lib_shutdown_return
    libshutdown.o(.ARM.Collect$$libshutdown$$00000000) refers (Special) to libshutdown2.o(.ARM.Collect$$libshutdown$$00000009) for __rt_lib_shutdown_signal_1
    libshutdown.o(.ARM.Collect$$libshutdown$$00000000) refers (Special) to libshutdown2.o(.ARM.Collect$$libshutdown$$00000003) for __rt_lib_shutdown_stdio_1
    libshutdown.o(.ARM.Collect$$libshutdown$$00000000) refers (Special) to libshutdown2.o(.ARM.Collect$$libshutdown$$0000000B) for __rt_lib_shutdown_user_alloc_1
    sys_command.o(.text) refers (Special) to use_no_semi.o(.text) for __I$use$semihosting
    sys_command.o(.text) refers (Special) to indicate_semi.o(.text) for __semihosting_library_function
    defsig_rtmem_outer.o(.text) refers to defsig_rtmem_inner.o(.text) for __rt_SIGRTMEM_inner
    defsig_rtmem_outer.o(.text) refers to defsig_exit.o(.text) for __sig_exit
    defsig_rtmem_formal.o(.text) refers to rt_raise.o(.text) for __rt_raise
    rt_raise.o(.text) refers to __raise.o(.text) for __raise
    rt_raise.o(.text) refers to sys_exit.o(.text) for _sys_exit
    defsig_exit.o(.text) refers to sys_exit.o(.text) for _sys_exit
    defsig_rtmem_inner.o(.text) refers to defsig_general.o(.text) for __default_signal_display
    __raise.o(.text) refers to defsig.o(CL$$defsig) for __default_signal_handler
    defsig_general.o(.text) refers to sys_wrch.o(.text) for _ttywrch
    sys_wrch.o(.text) refers (Special) to use_no_semi.o(.text) for __I$use$semihosting
    sys_wrch.o(.text) refers (Special) to indicate_semi.o(.text) for __semihosting_library_function
    defsig.o(CL$$defsig) refers to defsig_rtmem_inner.o(.text) for __rt_SIGRTMEM_inner
    defsig_abrt_inner.o(.text) refers to defsig_general.o(.text) for __default_signal_display
    defsig_fpe_inner.o(.text) refers to defsig_general.o(.text) for __default_signal_display
    defsig_rtred_inner.o(.text) refers to defsig_general.o(.text) for __default_signal_display
    defsig_stak_inner.o(.text) refers to defsig_general.o(.text) for __default_signal_display
    defsig_pvfn_inner.o(.text) refers to defsig_general.o(.text) for __default_signal_display
    defsig_cppl_inner.o(.text) refers to defsig_general.o(.text) for __default_signal_display
    defsig_segv_inner.o(.text) refers to defsig_general.o(.text) for __default_signal_display
    defsig_other.o(.text) refers to defsig_general.o(.text) for __default_signal_display


==============================================================================

Image Symbol Table

    Local Symbols

    Symbol Name                              Value     Ov Type        Size  Object(Section)

    RESET                                    0x00000000   Section      620  startup_tm4c123.o(RESET)
    ../clib/angel/boardlib.s                 0x00000000   Number         0  boardinit2.o ABSOLUTE
    ../clib/angel/boardlib.s                 0x00000000   Number         0  boardinit1.o ABSOLUTE
    ../clib/angel/boardlib.s                 0x00000000   Number         0  boardshut.o ABSOLUTE
    ../clib/angel/boardlib.s                 0x00000000   Number         0  boardinit3.o ABSOLUTE
    ../clib/angel/handlers.s                 0x00000000   Number         0  __scatter_zi.o ABSOLUTE
    ../clib/angel/kernel.s                   0x00000000   Number         0  rtexit2.o ABSOLUTE
    ../clib/angel/kernel.s                   0x00000000   Number         0  rtentry4.o ABSOLUTE
    ../clib/angel/kernel.s                   0x00000000   Number         0  rtentry.o ABSOLUTE
    ../clib/angel/kernel.s                   0x00000000   Number         0  rtentry2.o ABSOLUTE
    ../clib/angel/kernel.s                   0x00000000   Number         0  rtexit.o ABSOLUTE
    ../clib/angel/rt.s                       0x00000000   Number         0  rt_raise.o ABSOLUTE
    ../clib/angel/rt.s                       0x00000000   Number         0  rt_errno_addr_intlibspace.o ABSOLUTE
    ../clib/angel/rt.s                       0x00000000   Number         0  rt_errno_addr.o ABSOLUTE
    ../clib/angel/scatter.s                  0x00000000   Number         0  __scatter.o ABSOLUTE
    ../clib/angel/startup.s                  0x00000000   Number         0  __main.o ABSOLUTE
    ../clib/angel/sys.s                      0x00000000   Number         0  indicate_semi.o ABSOLUTE
    ../clib/angel/sys.s                      0x00000000   Number         0  sys_stackheap_outer.o ABSOLUTE
    ../clib/angel/sys.s                      0x00000000   Number         0  libspace.o ABSOLUTE
    ../clib/angel/sys.s                      0x00000000   Number         0  use_no_semi.o ABSOLUTE
    ../clib/angel/sysapp.c                   0x00000000   Number         0  sys_wrch.o ABSOLUTE
    ../clib/angel/sysapp.c                   0x00000000   Number         0  sys_exit.o ABSOLUTE
    ../clib/angel/sysapp.c                   0x00000000   Number         0  sys_command.o ABSOLUTE
    ../clib/armsys.c                         0x00000000   Number         0  _get_argv_nomalloc.o ABSOLUTE
    ../clib/armsys.c                         0x00000000   Number         0  no_argv.o ABSOLUTE
    ../clib/armsys.c                         0x00000000   Number         0  argv_veneer.o ABSOLUTE
    ../clib/armsys.c                         0x00000000   Number         0  argv_veneer.o ABSOLUTE
    ../clib/fenv.c                           0x00000000   Number         0  _rserrno.o ABSOLUTE
    ../clib/heapalloc.c                      0x00000000   Number         0  hrguard.o ABSOLUTE
    ../clib/heapaux.c                        0x00000000   Number         0  heapauxi.o ABSOLUTE
    ../clib/libinit.s                        0x00000000   Number         0  libshutdown2.o ABSOLUTE
    ../clib/libinit.s                        0x00000000   Number         0  libshutdown.o ABSOLUTE
    ../clib/libinit.s                        0x00000000   Number         0  libinit2.o ABSOLUTE
    ../clib/libinit.s                        0x00000000   Number         0  libinit.o ABSOLUTE
    ../clib/signal.c                         0x00000000   Number         0  defsig_general.o ABSOLUTE
    ../clib/signal.c                         0x00000000   Number         0  __raise.o ABSOLUTE
    ../clib/signal.c                         0x00000000   Number         0  defsig_rtmem_formal.o ABSOLUTE
    ../clib/signal.c                         0x00000000   Number         0  defsig_fpe_inner.o ABSOLUTE
    ../clib/signal.c                         0x00000000   Number         0  defsig_exit.o ABSOLUTE
    ../clib/signal.c                         0x00000000   Number         0  defsig_other.o ABSOLUTE
    ../clib/signal.c                         0x00000000   Number         0  defsig_segv_inner.o ABSOLUTE
    ../clib/signal.c                         0x00000000   Number         0  defsig_cppl_inner.o ABSOLUTE
    ../clib/signal.c                         0x00000000   Number         0  defsig_pvfn_inner.o ABSOLUTE
    ../clib/signal.c                         0x00000000   Number         0  defsig_abrt_inner.o ABSOLUTE
    ../clib/signal.c                         0x00000000   Number         0  defsig_rtred_inner.o ABSOLUTE
    ../clib/signal.c                         0x00000000   Number         0  defsig_rtmem_outer.o ABSOLUTE
    ../clib/signal.c                         0x00000000   Number         0  defsig_rtmem_inner.o ABSOLUTE
    ../clib/signal.c                         0x00000000   Number         0  defsig_stak_inner.o ABSOLUTE
    ../clib/signal.s                         0x00000000   Number         0  defsig.o ABSOLUTE
    ../clib/stdlib.c                         0x00000000   Number         0  exit.o ABSOLUTE
    ../fplib/basic.s                         0x00000000   Number         0  basic.o ABSOLUTE
    ../fplib/d2f.s                           0x00000000   Number         0  d2f.o ABSOLUTE
    ../fplib/daddsub.s                       0x00000000   Number         0  daddsub_clz.o ABSOLUTE
    ../fplib/dcheck1.s                       0x00000000   Number         0  dcheck1.o ABSOLUTE
    ../fplib/dcmpi.s                         0x00000000   Number         0  dcmpi.o ABSOLUTE
    ../fplib/ddiv.s                          0x00000000   Number         0  ddiv.o ABSOLUTE
    ../fplib/dflt.s                          0x00000000   Number         0  dflt_clz.o ABSOLUTE
    ../fplib/dleqf.s                         0x00000000   Number         0  dleqf.o ABSOLUTE
    ../fplib/dmul.s                          0x00000000   Number         0  dmul.o ABSOLUTE
    ../fplib/dnaninf.s                       0x00000000   Number         0  dnaninf.o ABSOLUTE
    ../fplib/dretinf.s                       0x00000000   Number         0  dretinf.o ABSOLUTE
    ../fplib/drleqf.s                        0x00000000   Number         0  drleqf.o ABSOLUTE
    ../fplib/dsqrt.s                         0x00000000   Number         0  dsqrt_umaal.o ABSOLUTE
    ../fplib/f2d.s                           0x00000000   Number         0  f2d.o ABSOLUTE
    ../fplib/fnaninf.s                       0x00000000   Number         0  fnaninf.o ABSOLUTE
    ../fplib/fpinit.s                        0x00000000   Number         0  fpinit.o ABSOLUTE
    ../fplib/fretinf.s                       0x00000000   Number         0  fretinf.o ABSOLUTE
    ../fplib/retnan.s                        0x00000000   Number         0  retnan.o ABSOLUTE
    ../fplib/scalbn.s                        0x00000000   Number         0  scalbn.o ABSOLUTE
    ../fplib/trapv.s                         0x00000000   Number         0  trapv.o ABSOLUTE
    ../fplib/usenofp.s                       0x00000000   Number         0  usenofp.o ABSOLUTE
    ../mathlib/dunder.c                      0x00000000   Number         0  dunder.o ABSOLUTE
    ../mathlib/fabs.c                        0x00000000   Number         0  fabs.o ABSOLUTE
    ../mathlib/fpclassify.c                  0x00000000   Number         0  fpclassify.o ABSOLUTE
    ../mathlib/poly.c                        0x00000000   Number         0  poly.o ABSOLUTE
    ../mathlib/pow.c                         0x00000000   Number         0  pow.o ABSOLUTE
    ../mathlib/pow.c                         0x00000000   Number         0  pow_x.o ABSOLUTE
    ../mathlib/qnan.c                        0x00000000   Number         0  qnan.o ABSOLUTE
    ../mathlib/sqrt.c                        0x00000000   Number         0  sqrt.o ABSOLUTE
    ../mathlib/sqrt.c                        0x00000000   Number         0  sqrt_x.o ABSOLUTE
    Dec_char.c                               0x00000000   Number         0  dec_char.o ABSOLUTE
    Delay.c                                  0x00000000   Number         0  delay.o ABSOLUTE
    Documentation.c                          0x00000000   Number         0  documentation.o ABSOLUTE
    Get_Key.c                                0x00000000   Number         0  get_key.o ABSOLUTE
    LED.c                                    0x00000000   Number         0  led.o ABSOLUTE
    change_decimal.c                         0x00000000   Number         0  change_decimal.o ABSOLUTE
    compute.c                                0x00000000   Number         0  compute.o ABSOLUTE
    dc.s                                     0x00000000   Number         0  dc.o ABSOLUTE
    initialization.c                         0x00000000   Number         0  initialization.o ABSOLUTE
    key_Pad_init.c                           0x00000000   Number         0  key_pad_init.o ABSOLUTE
    main.c                                   0x00000000   Number         0  main.o ABSOLUTE
    startup_TM4C123.s                        0x00000000   Number         0  startup_tm4c123.o ABSOLUTE
    !!!main                                  0x0000026c   Section        8  __main.o(!!!main)
    !!!scatter                               0x00000274   Section       52  __scatter.o(!!!scatter)
    !!handler_zi                             0x000002a8   Section       28  __scatter_zi.o(!!handler_zi)
    .ARM.Collect$$libinit$$00000000          0x000002c4   Section        2  libinit.o(.ARM.Collect$$libinit$$00000000)
    .ARM.Collect$$libinit$$00000001          0x000002c6   Section        4  libinit2.o(.ARM.Collect$$libinit$$00000001)
    .ARM.Collect$$libinit$$00000008          0x000002ca   Section        0  libinit2.o(.ARM.Collect$$libinit$$00000008)
    .ARM.Collect$$libinit$$0000000A          0x000002ca   Section        0  libinit2.o(.ARM.Collect$$libinit$$0000000A)
    .ARM.Collect$$libinit$$0000000C          0x000002ca   Section        0  libinit2.o(.ARM.Collect$$libinit$$0000000C)
    .ARM.Collect$$libinit$$0000000F          0x000002ca   Section        0  libinit2.o(.ARM.Collect$$libinit$$0000000F)
    .ARM.Collect$$libinit$$00000011          0x000002ca   Section        0  libinit2.o(.ARM.Collect$$libinit$$00000011)
    .ARM.Collect$$libinit$$00000013          0x000002ca   Section        0  libinit2.o(.ARM.Collect$$libinit$$00000013)
    .ARM.Collect$$libinit$$00000015          0x000002ca   Section        0  libinit2.o(.ARM.Collect$$libinit$$00000015)
    .ARM.Collect$$libinit$$00000017          0x000002ca   Section        0  libinit2.o(.ARM.Collect$$libinit$$00000017)
    .ARM.Collect$$libinit$$00000019          0x000002ca   Section        0  libinit2.o(.ARM.Collect$$libinit$$00000019)
    .ARM.Collect$$libinit$$0000001B          0x000002ca   Section        0  libinit2.o(.ARM.Collect$$libinit$$0000001B)
    .ARM.Collect$$libinit$$0000001D          0x000002ca   Section        0  libinit2.o(.ARM.Collect$$libinit$$0000001D)
    .ARM.Collect$$libinit$$0000001F          0x000002ca   Section        0  libinit2.o(.ARM.Collect$$libinit$$0000001F)
    .ARM.Collect$$libinit$$00000021          0x000002ca   Section        0  libinit2.o(.ARM.Collect$$libinit$$00000021)
    .ARM.Collect$$libinit$$00000023          0x000002ca   Section        0  libinit2.o(.ARM.Collect$$libinit$$00000023)
    .ARM.Collect$$libinit$$0000002A          0x000002ca   Section        0  libinit2.o(.ARM.Collect$$libinit$$0000002A)
    .ARM.Collect$$libinit$$0000002C          0x000002ca   Section        0  libinit2.o(.ARM.Collect$$libinit$$0000002C)
    .ARM.Collect$$libinit$$0000002E          0x000002ca   Section        0  libinit2.o(.ARM.Collect$$libinit$$0000002E)
    .ARM.Collect$$libinit$$00000030          0x000002ca   Section        0  libinit2.o(.ARM.Collect$$libinit$$00000030)
    .ARM.Collect$$libinit$$00000031          0x000002ca   Section        2  libinit2.o(.ARM.Collect$$libinit$$00000031)
    .ARM.Collect$$libshutdown$$00000000      0x000002cc   Section        2  libshutdown.o(.ARM.Collect$$libshutdown$$00000000)
    .ARM.Collect$$libshutdown$$00000003      0x000002ce   Section        0  libshutdown2.o(.ARM.Collect$$libshutdown$$00000003)
    .ARM.Collect$$libshutdown$$00000006      0x000002ce   Section        0  libshutdown2.o(.ARM.Collect$$libshutdown$$00000006)
    .ARM.Collect$$libshutdown$$00000009      0x000002ce   Section        0  libshutdown2.o(.ARM.Collect$$libshutdown$$00000009)
    .ARM.Collect$$libshutdown$$0000000B      0x000002ce   Section        0  libshutdown2.o(.ARM.Collect$$libshutdown$$0000000B)
    .ARM.Collect$$libshutdown$$0000000E      0x000002ce   Section        0  libshutdown2.o(.ARM.Collect$$libshutdown$$0000000E)
    .ARM.Collect$$libshutdown$$0000000F      0x000002ce   Section        2  libshutdown2.o(.ARM.Collect$$libshutdown$$0000000F)
    .ARM.Collect$$rtentry$$00000000          0x000002d0   Section        0  rtentry.o(.ARM.Collect$$rtentry$$00000000)
    .ARM.Collect$$rtentry$$00000002          0x000002d0   Section        0  rtentry2.o(.ARM.Collect$$rtentry$$00000002)
    .ARM.Collect$$rtentry$$00000004          0x000002d0   Section        6  rtentry4.o(.ARM.Collect$$rtentry$$00000004)
    .ARM.Collect$$rtentry$$00000009          0x000002d6   Section        0  rtentry2.o(.ARM.Collect$$rtentry$$00000009)
    .ARM.Collect$$rtentry$$0000000A          0x000002d6   Section        4  rtentry2.o(.ARM.Collect$$rtentry$$0000000A)
    .ARM.Collect$$rtentry$$0000000C          0x000002da   Section        0  rtentry2.o(.ARM.Collect$$rtentry$$0000000C)
    .ARM.Collect$$rtentry$$0000000D          0x000002da   Section        8  rtentry2.o(.ARM.Collect$$rtentry$$0000000D)
    .ARM.Collect$$rtexit$$00000000           0x000002e2   Section        2  rtexit.o(.ARM.Collect$$rtexit$$00000000)
    .ARM.Collect$$rtexit$$00000002           0x000002e4   Section        0  rtexit2.o(.ARM.Collect$$rtexit$$00000002)
    .ARM.Collect$$rtexit$$00000003           0x000002e4   Section        4  rtexit2.o(.ARM.Collect$$rtexit$$00000003)
    .ARM.Collect$$rtexit$$00000004           0x000002e8   Section        6  rtexit2.o(.ARM.Collect$$rtexit$$00000004)
    .text                                    0x000002f0   Section      292  startup_tm4c123.o(.text)
    $v0                                      0x000002f0   Number         0  startup_tm4c123.o(.text)
    .text                                    0x00000414   Section        0  main.o(.text)
    .text                                    0x000005c4   Section        0  initialization.o(.text)
    .text                                    0x00000708   Section        0  delay.o(.text)
    .text                                    0x00000738   Section        0  dec_char.o(.text)
    .text                                    0x00000798   Section        0  change_decimal.o(.text)
    .text                                    0x00000aa4   Section        0  compute.o(.text)
    .text                                    0x00000ad0   Section        0  led.o(.text)
    .text                                    0x00000b3c   Section        0  get_key.o(.text)
    .text                                    0x00000bf4   Section        0  key_pad_init.o(.text)
    .text                                    0x00000c70   Section        0  heapauxi.o(.text)
    .text                                    0x00000c76   Section        0  _rserrno.o(.text)
    .text                                    0x00000c8c   Section        8  rt_errno_addr_intlibspace.o(.text)
    .text                                    0x00000c94   Section        8  libspace.o(.text)
    .text                                    0x00000c9c   Section       74  sys_stackheap_outer.o(.text)
    .text                                    0x00000ce6   Section        0  exit.o(.text)
    .text                                    0x00000cf4   Section        0  sys_exit.o(.text)
    .text                                    0x00000d00   Section        2  use_no_semi.o(.text)
    .text                                    0x00000d02   Section        0  indicate_semi.o(.text)
    i.__ARM_fpclassify                       0x00000d02   Section        0  fpclassify.o(i.__ARM_fpclassify)
    i.__hardfp_pow                           0x00000d38   Section        0  pow.o(i.__hardfp_pow)
    i.__kernel_poly                          0x000019c8   Section        0  poly.o(i.__kernel_poly)
    i.__mathlib_dbl_underflow                0x00001ac0   Section        0  dunder.o(i.__mathlib_dbl_underflow)
    i.fabs                                   0x00001ae0   Section        0  fabs.o(i.fabs)
    i.sqrt                                   0x00001b00   Section        0  sqrt.o(i.sqrt)
    x$fpl$basic                              0x00001b6e   Section       24  basic.o(x$fpl$basic)
    $v0                                      0x00001b6e   Number         0  basic.o(x$fpl$basic)
    x$fpl$d2f                                0x00001b88   Section       98  d2f.o(x$fpl$d2f)
    $v0                                      0x00001b88   Number         0  d2f.o(x$fpl$d2f)
    x$fpl$dadd                               0x00001bec   Section      336  daddsub_clz.o(x$fpl$dadd)
    $v0                                      0x00001bec   Number         0  daddsub_clz.o(x$fpl$dadd)
    _dadd1                                   0x00001bfd   Thumb Code     0  daddsub_clz.o(x$fpl$dadd)
    x$fpl$dcheck1                            0x00001d3c   Section       16  dcheck1.o(x$fpl$dcheck1)
    $v0                                      0x00001d3c   Number         0  dcheck1.o(x$fpl$dcheck1)
    x$fpl$dcmpinf                            0x00001d4c   Section       24  dcmpi.o(x$fpl$dcmpinf)
    $v0                                      0x00001d4c   Number         0  dcmpi.o(x$fpl$dcmpinf)
    x$fpl$ddiv                               0x00001d64   Section      688  ddiv.o(x$fpl$ddiv)
    $v0                                      0x00001d64   Number         0  ddiv.o(x$fpl$ddiv)
    ddiv_entry                               0x00001d6b   Thumb Code     0  ddiv.o(x$fpl$ddiv)
    x$fpl$dflt                               0x00002014   Section       46  dflt_clz.o(x$fpl$dflt)
    $v0                                      0x00002014   Number         0  dflt_clz.o(x$fpl$dflt)
    x$fpl$dleqf                              0x00002044   Section      120  dleqf.o(x$fpl$dleqf)
    $v0                                      0x00002044   Number         0  dleqf.o(x$fpl$dleqf)
    x$fpl$dmul                               0x000020bc   Section      340  dmul.o(x$fpl$dmul)
    $v0                                      0x000020bc   Number         0  dmul.o(x$fpl$dmul)
    x$fpl$dnaninf                            0x00002210   Section      156  dnaninf.o(x$fpl$dnaninf)
    $v0                                      0x00002210   Number         0  dnaninf.o(x$fpl$dnaninf)
    x$fpl$dretinf                            0x000022ac   Section       12  dretinf.o(x$fpl$dretinf)
    $v0                                      0x000022ac   Number         0  dretinf.o(x$fpl$dretinf)
    x$fpl$drleqf                             0x000022b8   Section      108  drleqf.o(x$fpl$drleqf)
    $v0                                      0x000022b8   Number         0  drleqf.o(x$fpl$drleqf)
    x$fpl$drsb                               0x00002324   Section       22  daddsub_clz.o(x$fpl$drsb)
    $v0                                      0x00002324   Number         0  daddsub_clz.o(x$fpl$drsb)
    x$fpl$dsqrt                              0x0000233c   Section      408  dsqrt_umaal.o(x$fpl$dsqrt)
    $v0                                      0x0000233c   Number         0  dsqrt_umaal.o(x$fpl$dsqrt)
    x$fpl$dsub                               0x000024d4   Section      468  daddsub_clz.o(x$fpl$dsub)
    $v0                                      0x000024d4   Number         0  daddsub_clz.o(x$fpl$dsub)
    _dsub1                                   0x000024e5   Thumb Code     0  daddsub_clz.o(x$fpl$dsub)
    x$fpl$f2d                                0x000026a8   Section       86  f2d.o(x$fpl$f2d)
    $v0                                      0x000026a8   Number         0  f2d.o(x$fpl$f2d)
    x$fpl$fnaninf                            0x000026fe   Section      140  fnaninf.o(x$fpl$fnaninf)
    $v0                                      0x000026fe   Number         0  fnaninf.o(x$fpl$fnaninf)
    x$fpl$fpinit                             0x0000278a   Section       10  fpinit.o(x$fpl$fpinit)
    $v0                                      0x0000278a   Number         0  fpinit.o(x$fpl$fpinit)
    x$fpl$fretinf                            0x00002794   Section       10  fretinf.o(x$fpl$fretinf)
    $v0                                      0x00002794   Number         0  fretinf.o(x$fpl$fretinf)
    x$fpl$retnan                             0x0000279e   Section      100  retnan.o(x$fpl$retnan)
    $v0                                      0x0000279e   Number         0  retnan.o(x$fpl$retnan)
    x$fpl$scalbn                             0x00002802   Section       92  scalbn.o(x$fpl$scalbn)
    $v0                                      0x00002802   Number         0  scalbn.o(x$fpl$scalbn)
    x$fpl$trapveneer                         0x0000285e   Section       48  trapv.o(x$fpl$trapveneer)
    $v0                                      0x0000285e   Number         0  trapv.o(x$fpl$trapveneer)
    x$fpl$usenofp                            0x0000288e   Section        0  usenofp.o(x$fpl$usenofp)
    .constdata                               0x00002890   Section       32  get_key.o(.constdata)
    .constdata                               0x000028b0   Section      136  pow.o(.constdata)
    bp                                       0x000028b0   Data          16  pow.o(.constdata)
    dp_h                                     0x000028c0   Data          16  pow.o(.constdata)
    dp_l                                     0x000028d0   Data          16  pow.o(.constdata)
    L                                        0x000028e0   Data          48  pow.o(.constdata)
    P                                        0x00002910   Data          40  pow.o(.constdata)
    .constdata                               0x00002938   Section        8  qnan.o(.constdata)
    .bss                                     0x20000000   Section       96  libspace.o(.bss)
    HEAP                                     0x20000060   Section        0  startup_tm4c123.o(HEAP)
    STACK                                    0x20000060   Section      512  startup_tm4c123.o(STACK)
    Heap_Mem                                 0x20000060   Data           0  startup_tm4c123.o(HEAP)
    Stack_Mem                                0x20000060   Data         512  startup_tm4c123.o(STACK)
    __initial_sp                             0x20000260   Data           0  startup_tm4c123.o(STACK)

    Global Symbols

    Symbol Name                              Value     Ov Type        Size  Object(Section)

    BuildAttributes$$THM_ISAv4$E$P$D$K$B$S$7EM$VFPi3$EXTD16$VFPS$VFMA$PE$A:L22UL41UL21$X:L11$S22US41US21$IEEE1$IW$USESV6$~STKCKD$USESV7$~SHL$OTIME$ROPI$IEEEX$EBA8$UX$STANDARDLIB$REQ8$PRES8$EABIv2 0x00000000   Number         0  anon$$obj.o ABSOLUTE
    __ARM_use_no_argv                        0x00000000   Number         0  main.o ABSOLUTE
    __Vectors                                0x00000000   Data           4  startup_tm4c123.o(RESET)
    __ARM_exceptions_init                     - Undefined Weak Reference
    __alloca_initialize                       - Undefined Weak Reference
    __cpp_initialize__aeabi_                  - Undefined Weak Reference
    __cxa_finalize                            - Undefined Weak Reference
    __rt_locale                               - Undefined Weak Reference
    __sigvec_lookup                           - Undefined Weak Reference
    _atexit_init                              - Undefined Weak Reference
    _call_atexit_fns                          - Undefined Weak Reference
    _clock_init                               - Undefined Weak Reference
    _fp_trap_init                             - Undefined Weak Reference
    _fp_trap_shutdown                         - Undefined Weak Reference
    _get_lc_collate                           - Undefined Weak Reference
    _get_lc_ctype                             - Undefined Weak Reference
    _get_lc_monetary                          - Undefined Weak Reference
    _get_lc_numeric                           - Undefined Weak Reference
    _get_lc_time                              - Undefined Weak Reference
    _getenv_init                              - Undefined Weak Reference
    _handle_redirection                       - Undefined Weak Reference
    _init_alloc                               - Undefined Weak Reference
    _init_user_alloc                          - Undefined Weak Reference
    _initio                                   - Undefined Weak Reference
    _rand_init                                - Undefined Weak Reference
    _signal_finish                            - Undefined Weak Reference
    _signal_init                              - Undefined Weak Reference
    _terminate_alloc                          - Undefined Weak Reference
    _terminate_user_alloc                     - Undefined Weak Reference
    _terminateio                              - Undefined Weak Reference
    __Vectors_End                            0x0000026c   Data           0  startup_tm4c123.o(RESET)
    __Vectors_Size                           0x0000026c   Number         0  startup_tm4c123.o ABSOLUTE
    __main                                   0x0000026d   Thumb Code     8  __main.o(!!!main)
    __scatterload                            0x00000275   Thumb Code     0  __scatter.o(!!!scatter)
    __scatterload_rt2                        0x00000275   Thumb Code    44  __scatter.o(!!!scatter)
    __scatterload_rt2_thumb_only             0x00000275   Thumb Code     0  __scatter.o(!!!scatter)
    __scatterload_null                       0x00000283   Thumb Code     0  __scatter.o(!!!scatter)
    __scatterload_zeroinit                   0x000002a9   Thumb Code    28  __scatter_zi.o(!!handler_zi)
    __rt_lib_init                            0x000002c5   Thumb Code     0  libinit.o(.ARM.Collect$$libinit$$00000000)
    __rt_lib_init_fp_1                       0x000002c7   Thumb Code     0  libinit2.o(.ARM.Collect$$libinit$$00000001)
    __rt_lib_init_alloca_1                   0x000002cb   Thumb Code     0  libinit2.o(.ARM.Collect$$libinit$$0000002C)
    __rt_lib_init_argv_1                     0x000002cb   Thumb Code     0  libinit2.o(.ARM.Collect$$libinit$$0000002A)
    __rt_lib_init_atexit_1                   0x000002cb   Thumb Code     0  libinit2.o(.ARM.Collect$$libinit$$00000019)
    __rt_lib_init_clock_1                    0x000002cb   Thumb Code     0  libinit2.o(.ARM.Collect$$libinit$$0000001F)
    __rt_lib_init_cpp_1                      0x000002cb   Thumb Code     0  libinit2.o(.ARM.Collect$$libinit$$00000030)
    __rt_lib_init_exceptions_1               0x000002cb   Thumb Code     0  libinit2.o(.ARM.Collect$$libinit$$0000002E)
    __rt_lib_init_fp_trap_1                  0x000002cb   Thumb Code     0  libinit2.o(.ARM.Collect$$libinit$$0000001D)
    __rt_lib_init_getenv_1                   0x000002cb   Thumb Code     0  libinit2.o(.ARM.Collect$$libinit$$00000021)
    __rt_lib_init_heap_1                     0x000002cb   Thumb Code     0  libinit2.o(.ARM.Collect$$libinit$$00000008)
    __rt_lib_init_lc_collate_1               0x000002cb   Thumb Code     0  libinit2.o(.ARM.Collect$$libinit$$0000000F)
    __rt_lib_init_lc_ctype_1                 0x000002cb   Thumb Code     0  libinit2.o(.ARM.Collect$$libinit$$00000011)
    __rt_lib_init_lc_monetary_1              0x000002cb   Thumb Code     0  libinit2.o(.ARM.Collect$$libinit$$00000013)
    __rt_lib_init_lc_numeric_1               0x000002cb   Thumb Code     0  libinit2.o(.ARM.Collect$$libinit$$00000015)
    __rt_lib_init_lc_time_1                  0x000002cb   Thumb Code     0  libinit2.o(.ARM.Collect$$libinit$$00000017)
    __rt_lib_init_rand_1                     0x000002cb   Thumb Code     0  libinit2.o(.ARM.Collect$$libinit$$0000000C)
    __rt_lib_init_return                     0x000002cb   Thumb Code     0  libinit2.o(.ARM.Collect$$libinit$$00000031)
    __rt_lib_init_signal_1                   0x000002cb   Thumb Code     0  libinit2.o(.ARM.Collect$$libinit$$0000001B)
    __rt_lib_init_stdio_1                    0x000002cb   Thumb Code     0  libinit2.o(.ARM.Collect$$libinit$$00000023)
    __rt_lib_init_user_alloc_1               0x000002cb   Thumb Code     0  libinit2.o(.ARM.Collect$$libinit$$0000000A)
    __rt_lib_shutdown                        0x000002cd   Thumb Code     0  libshutdown.o(.ARM.Collect$$libshutdown$$00000000)
    __rt_lib_shutdown_fp_trap_1              0x000002cf   Thumb Code     0  libshutdown2.o(.ARM.Collect$$libshutdown$$00000006)
    __rt_lib_shutdown_heap_1                 0x000002cf   Thumb Code     0  libshutdown2.o(.ARM.Collect$$libshutdown$$0000000E)
    __rt_lib_shutdown_return                 0x000002cf   Thumb Code     0  libshutdown2.o(.ARM.Collect$$libshutdown$$0000000F)
    __rt_lib_shutdown_signal_1               0x000002cf   Thumb Code     0  libshutdown2.o(.ARM.Collect$$libshutdown$$00000009)
    __rt_lib_shutdown_stdio_1                0x000002cf   Thumb Code     0  libshutdown2.o(.ARM.Collect$$libshutdown$$00000003)
    __rt_lib_shutdown_user_alloc_1           0x000002cf   Thumb Code     0  libshutdown2.o(.ARM.Collect$$libshutdown$$0000000B)
    __rt_entry                               0x000002d1   Thumb Code     0  rtentry.o(.ARM.Collect$$rtentry$$00000000)
    __rt_entry_presh_1                       0x000002d1   Thumb Code     0  rtentry2.o(.ARM.Collect$$rtentry$$00000002)
    __rt_entry_sh                            0x000002d1   Thumb Code     0  rtentry4.o(.ARM.Collect$$rtentry$$00000004)
    __rt_entry_li                            0x000002d7   Thumb Code     0  rtentry2.o(.ARM.Collect$$rtentry$$0000000A)
    __rt_entry_postsh_1                      0x000002d7   Thumb Code     0  rtentry2.o(.ARM.Collect$$rtentry$$00000009)
    __rt_entry_main                          0x000002db   Thumb Code     0  rtentry2.o(.ARM.Collect$$rtentry$$0000000D)
    __rt_entry_postli_1                      0x000002db   Thumb Code     0  rtentry2.o(.ARM.Collect$$rtentry$$0000000C)
    __rt_exit                                0x000002e3   Thumb Code     0  rtexit.o(.ARM.Collect$$rtexit$$00000000)
    __rt_exit_ls                             0x000002e5   Thumb Code     0  rtexit2.o(.ARM.Collect$$rtexit$$00000003)
    __rt_exit_prels_1                        0x000002e5   Thumb Code     0  rtexit2.o(.ARM.Collect$$rtexit$$00000002)
    __rt_exit_exit                           0x000002e9   Thumb Code     0  rtexit2.o(.ARM.Collect$$rtexit$$00000004)
    Reset_Handler                            0x000002f1   Thumb Code    24  startup_tm4c123.o(.text)
    NMI_Handler                              0x00000309   Thumb Code     2  startup_tm4c123.o(.text)
    HardFault_Handler                        0x0000030b   Thumb Code     2  startup_tm4c123.o(.text)
    MemManage_Handler                        0x0000030d   Thumb Code     2  startup_tm4c123.o(.text)
    BusFault_Handler                         0x0000030f   Thumb Code     2  startup_tm4c123.o(.text)
    UsageFault_Handler                       0x00000311   Thumb Code     2  startup_tm4c123.o(.text)
    SVC_Handler                              0x00000313   Thumb Code     2  startup_tm4c123.o(.text)
    DebugMon_Handler                         0x00000315   Thumb Code     2  startup_tm4c123.o(.text)
    PendSV_Handler                           0x00000317   Thumb Code     2  startup_tm4c123.o(.text)
    SysTick_Handler                          0x00000319   Thumb Code     2  startup_tm4c123.o(.text)
    GPIOA_Handler                            0x0000031b   Thumb Code     2  startup_tm4c123.o(.text)
    GPIOB_Handler                            0x0000031d   Thumb Code     2  startup_tm4c123.o(.text)
    GPIOC_Handler                            0x0000031f   Thumb Code     2  startup_tm4c123.o(.text)
    GPIOD_Handler                            0x00000321   Thumb Code     2  startup_tm4c123.o(.text)
    GPIOE_Handler                            0x00000323   Thumb Code     2  startup_tm4c123.o(.text)
    UART0_Handler                            0x00000325   Thumb Code     2  startup_tm4c123.o(.text)
    UART1_Handler                            0x00000327   Thumb Code     2  startup_tm4c123.o(.text)
    SSI0_Handler                             0x00000329   Thumb Code     2  startup_tm4c123.o(.text)
    I2C0_Handler                             0x0000032b   Thumb Code     2  startup_tm4c123.o(.text)
    PMW0_FAULT_Handler                       0x0000032d   Thumb Code     2  startup_tm4c123.o(.text)
    PWM0_0_Handler                           0x0000032f   Thumb Code     2  startup_tm4c123.o(.text)
    PWM0_1_Handler                           0x00000331   Thumb Code     2  startup_tm4c123.o(.text)
    PWM0_2_Handler                           0x00000333   Thumb Code     2  startup_tm4c123.o(.text)
    QEI0_Handler                             0x00000335   Thumb Code     2  startup_tm4c123.o(.text)
    ADC0SS0_Handler                          0x00000337   Thumb Code     2  startup_tm4c123.o(.text)
    ADC0SS1_Handler                          0x00000339   Thumb Code     2  startup_tm4c123.o(.text)
    ADC0SS2_Handler                          0x0000033b   Thumb Code     2  startup_tm4c123.o(.text)
    ADC0SS3_Handler                          0x0000033d   Thumb Code     2  startup_tm4c123.o(.text)
    WDT0_Handler                             0x0000033f   Thumb Code     2  startup_tm4c123.o(.text)
    TIMER0A_Handler                          0x00000341   Thumb Code     2  startup_tm4c123.o(.text)
    TIMER0B_Handler                          0x00000343   Thumb Code     2  startup_tm4c123.o(.text)
    TIMER1A_Handler                          0x00000345   Thumb Code     2  startup_tm4c123.o(.text)
    TIMER1B_Handler                          0x00000347   Thumb Code     2  startup_tm4c123.o(.text)
    TIMER2A_Handler                          0x00000349   Thumb Code     2  startup_tm4c123.o(.text)
    TIMER2B_Handler                          0x0000034b   Thumb Code     2  startup_tm4c123.o(.text)
    COMP0_Handler                            0x0000034d   Thumb Code     2  startup_tm4c123.o(.text)
    COMP1_Handler                            0x0000034f   Thumb Code     2  startup_tm4c123.o(.text)
    COMP2_Handler                            0x00000351   Thumb Code     2  startup_tm4c123.o(.text)
    SYSCTL_Handler                           0x00000353   Thumb Code     2  startup_tm4c123.o(.text)
    FLASH_Handler                            0x00000355   Thumb Code     2  startup_tm4c123.o(.text)
    GPIOF_Handler                            0x00000357   Thumb Code     2  startup_tm4c123.o(.text)
    GPIOG_Handler                            0x00000359   Thumb Code     2  startup_tm4c123.o(.text)
    GPIOH_Handler                            0x0000035b   Thumb Code     2  startup_tm4c123.o(.text)
    UART2_Handler                            0x0000035d   Thumb Code     2  startup_tm4c123.o(.text)
    SSI1_Handler                             0x0000035f   Thumb Code     2  startup_tm4c123.o(.text)
    TIMER3A_Handler                          0x00000361   Thumb Code     2  startup_tm4c123.o(.text)
    TIMER3B_Handler                          0x00000363   Thumb Code     2  startup_tm4c123.o(.text)
    I2C1_Handler                             0x00000365   Thumb Code     2  startup_tm4c123.o(.text)
    QEI1_Handler                             0x00000367   Thumb Code     2  startup_tm4c123.o(.text)
    CAN0_Handler                             0x00000369   Thumb Code     2  startup_tm4c123.o(.text)
    CAN1_Handler                             0x0000036b   Thumb Code     2  startup_tm4c123.o(.text)
    CAN2_Handler                             0x0000036d   Thumb Code     2  startup_tm4c123.o(.text)
    HIB_Handler                              0x0000036f   Thumb Code     2  startup_tm4c123.o(.text)
    USB0_Handler                             0x00000371   Thumb Code     2  startup_tm4c123.o(.text)
    PWM0_3_Handler                           0x00000373   Thumb Code     2  startup_tm4c123.o(.text)
    UDMA_Handler                             0x00000375   Thumb Code     2  startup_tm4c123.o(.text)
    UDMAERR_Handler                          0x00000377   Thumb Code     2  startup_tm4c123.o(.text)
    ADC1SS0_Handler                          0x00000379   Thumb Code     2  startup_tm4c123.o(.text)
    ADC1SS1_Handler                          0x0000037b   Thumb Code     2  startup_tm4c123.o(.text)
    ADC1SS2_Handler                          0x0000037d   Thumb Code     2  startup_tm4c123.o(.text)
    ADC1SS3_Handler                          0x0000037f   Thumb Code     2  startup_tm4c123.o(.text)
    GPIOJ_Handler                            0x00000381   Thumb Code     2  startup_tm4c123.o(.text)
    GPIOK_Handler                            0x00000383   Thumb Code     2  startup_tm4c123.o(.text)
    GPIOL_Handler                            0x00000385   Thumb Code     2  startup_tm4c123.o(.text)
    SSI2_Handler                             0x00000387   Thumb Code     2  startup_tm4c123.o(.text)
    SSI3_Handler                             0x00000389   Thumb Code     2  startup_tm4c123.o(.text)
    UART3_Handler                            0x0000038b   Thumb Code     2  startup_tm4c123.o(.text)
    UART4_Handler                            0x0000038d   Thumb Code     2  startup_tm4c123.o(.text)
    UART5_Handler                            0x0000038f   Thumb Code     2  startup_tm4c123.o(.text)
    UART6_Handler                            0x00000391   Thumb Code     2  startup_tm4c123.o(.text)
    UART7_Handler                            0x00000393   Thumb Code     2  startup_tm4c123.o(.text)
    I2C2_Handler                             0x00000395   Thumb Code     2  startup_tm4c123.o(.text)
    I2C3_Handler                             0x00000397   Thumb Code     2  startup_tm4c123.o(.text)
    TIMER4A_Handler                          0x00000399   Thumb Code     2  startup_tm4c123.o(.text)
    TIMER4B_Handler                          0x0000039b   Thumb Code     2  startup_tm4c123.o(.text)
    TIMER5A_Handler                          0x0000039d   Thumb Code     2  startup_tm4c123.o(.text)
    TIMER5B_Handler                          0x0000039f   Thumb Code     2  startup_tm4c123.o(.text)
    WTIMER0A_Handler                         0x000003a1   Thumb Code     2  startup_tm4c123.o(.text)
    WTIMER0B_Handler                         0x000003a3   Thumb Code     2  startup_tm4c123.o(.text)
    WTIMER1A_Handler                         0x000003a5   Thumb Code     2  startup_tm4c123.o(.text)
    WTIMER1B_Handler                         0x000003a7   Thumb Code     2  startup_tm4c123.o(.text)
    WTIMER2A_Handler                         0x000003a9   Thumb Code     2  startup_tm4c123.o(.text)
    WTIMER2B_Handler                         0x000003ab   Thumb Code     2  startup_tm4c123.o(.text)
    WTIMER3A_Handler                         0x000003ad   Thumb Code     2  startup_tm4c123.o(.text)
    WTIMER3B_Handler                         0x000003af   Thumb Code     2  startup_tm4c123.o(.text)
    WTIMER4A_Handler                         0x000003b1   Thumb Code     2  startup_tm4c123.o(.text)
    WTIMER4B_Handler                         0x000003b3   Thumb Code     2  startup_tm4c123.o(.text)
    WTIMER5A_Handler                         0x000003b5   Thumb Code     2  startup_tm4c123.o(.text)
    WTIMER5B_Handler                         0x000003b7   Thumb Code     2  startup_tm4c123.o(.text)
    FPU_Handler                              0x000003b9   Thumb Code     2  startup_tm4c123.o(.text)
    I2C4_Handler                             0x000003bb   Thumb Code     2  startup_tm4c123.o(.text)
    I2C5_Handler                             0x000003bd   Thumb Code     2  startup_tm4c123.o(.text)
    GPIOM_Handler                            0x000003bf   Thumb Code     2  startup_tm4c123.o(.text)
    GPION_Handler                            0x000003c1   Thumb Code     2  startup_tm4c123.o(.text)
    QEI2_Handler                             0x000003c3   Thumb Code     2  startup_tm4c123.o(.text)
    GPIOP0_Handler                           0x000003c5   Thumb Code     2  startup_tm4c123.o(.text)
    GPIOP1_Handler                           0x000003c7   Thumb Code     2  startup_tm4c123.o(.text)
    GPIOP2_Handler                           0x000003c9   Thumb Code     2  startup_tm4c123.o(.text)
    GPIOP3_Handler                           0x000003cb   Thumb Code     2  startup_tm4c123.o(.text)
    GPIOP4_Handler                           0x000003cd   Thumb Code     2  startup_tm4c123.o(.text)
    GPIOP5_Handler                           0x000003cf   Thumb Code     2  startup_tm4c123.o(.text)
    GPIOP6_Handler                           0x000003d1   Thumb Code     2  startup_tm4c123.o(.text)
    GPIOP7_Handler                           0x000003d3   Thumb Code     2  startup_tm4c123.o(.text)
    GPIOQ0_Handler                           0x000003d5   Thumb Code     2  startup_tm4c123.o(.text)
    GPIOQ1_Handler                           0x000003d7   Thumb Code     2  startup_tm4c123.o(.text)
    GPIOQ2_Handler                           0x000003d9   Thumb Code     2  startup_tm4c123.o(.text)
    GPIOQ3_Handler                           0x000003db   Thumb Code     2  startup_tm4c123.o(.text)
    GPIOQ4_Handler                           0x000003dd   Thumb Code     2  startup_tm4c123.o(.text)
    GPIOQ5_Handler                           0x000003df   Thumb Code     2  startup_tm4c123.o(.text)
    GPIOQ6_Handler                           0x000003e1   Thumb Code     2  startup_tm4c123.o(.text)
    GPIOQ7_Handler                           0x000003e3   Thumb Code     2  startup_tm4c123.o(.text)
    GPIOR_Handler                            0x000003e5   Thumb Code     2  startup_tm4c123.o(.text)
    GPIOS_Handler                            0x000003e7   Thumb Code     2  startup_tm4c123.o(.text)
    PMW1_0_Handler                           0x000003e9   Thumb Code     2  startup_tm4c123.o(.text)
    PWM1_1_Handler                           0x000003eb   Thumb Code     2  startup_tm4c123.o(.text)
    PWM1_2_Handler                           0x000003ed   Thumb Code     2  startup_tm4c123.o(.text)
    PWM1_3_Handler                           0x000003ef   Thumb Code     2  startup_tm4c123.o(.text)
    PWM1_FAULT_Handler                       0x000003f1   Thumb Code     2  startup_tm4c123.o(.text)
    __user_initial_stackheap                 0x000003f5   Thumb Code     0  startup_tm4c123.o(.text)
    SystemInit                               0x00000415   Thumb Code     2  main.o(.text)
    main                                     0x00000417   Thumb Code   416  main.o(.text)
    LCD_command                              0x000005c5   Thumb Code    60  initialization.o(.text)
    LCD_data                                 0x00000601   Thumb Code    48  initialization.o(.text)
    LCD_init                                 0x00000631   Thumb Code   188  initialization.o(.text)
    Delay_Us                                 0x00000709   Thumb Code    22  delay.o(.text)
    Delay_ms                                 0x0000071f   Thumb Code    26  delay.o(.text)
    Dec_char                                 0x00000739   Thumb Code    42  dec_char.o(.text)
    decimal_nu                               0x00000763   Thumb Code    54  dec_char.o(.text)
    change_decimal                           0x00000799   Thumb Code   768  change_decimal.o(.text)
    compute                                  0x00000aa5   Thumb Code    42  compute.o(.text)
    PortF_Init                               0x00000ad1   Thumb Code    80  led.o(.text)
    PortF_Output                             0x00000b21   Thumb Code     6  led.o(.text)
    keypad_getkey                            0x00000b3d   Thumb Code   170  get_key.o(.text)
    keypad_init                              0x00000bf5   Thumb Code   100  key_pad_init.o(.text)
    __use_two_region_memory                  0x00000c71   Thumb Code     2  heapauxi.o(.text)
    __rt_heap_escrow$2region                 0x00000c73   Thumb Code     2  heapauxi.o(.text)
    __rt_heap_expand$2region                 0x00000c75   Thumb Code     2  heapauxi.o(.text)
    __read_errno                             0x00000c77   Thumb Code    10  _rserrno.o(.text)
    __set_errno                              0x00000c81   Thumb Code    12  _rserrno.o(.text)
    __aeabi_errno_addr                       0x00000c8d   Thumb Code     8  rt_errno_addr_intlibspace.o(.text)
    __errno$intlibspace                      0x00000c8d   Thumb Code     0  rt_errno_addr_intlibspace.o(.text)
    __rt_errno_addr$intlibspace              0x00000c8d   Thumb Code     0  rt_errno_addr_intlibspace.o(.text)
    __user_libspace                          0x00000c95   Thumb Code     8  libspace.o(.text)
    __user_perproc_libspace                  0x00000c95   Thumb Code     0  libspace.o(.text)
    __user_perthread_libspace                0x00000c95   Thumb Code     0  libspace.o(.text)
    __user_setup_stackheap                   0x00000c9d   Thumb Code    74  sys_stackheap_outer.o(.text)
    exit                                     0x00000ce7   Thumb Code    12  exit.o(.text)
    _sys_exit                                0x00000cf5   Thumb Code     8  sys_exit.o(.text)
    __I$use$semihosting                      0x00000d01   Thumb Code     0  use_no_semi.o(.text)
    __use_no_semihosting_swi                 0x00000d01   Thumb Code     2  use_no_semi.o(.text)
    __ARM_fpclassify                         0x00000d03   Thumb Code    48  fpclassify.o(i.__ARM_fpclassify)
    __semihosting_library_function           0x00000d03   Thumb Code     0  indicate_semi.o(.text)
    __hardfp_pow                             0x00000d39   Thumb Code  3132  pow.o(i.__hardfp_pow)
    __kernel_poly                            0x000019c9   Thumb Code   248  poly.o(i.__kernel_poly)
    __mathlib_dbl_underflow                  0x00001ac1   Thumb Code    24  dunder.o(i.__mathlib_dbl_underflow)
    fabs                                     0x00001ae1   Thumb Code    32  fabs.o(i.fabs)
    sqrt                                     0x00001b01   Thumb Code   110  sqrt.o(i.sqrt)
    __aeabi_dneg                             0x00001b6f   Thumb Code     0  basic.o(x$fpl$basic)
    _dneg                                    0x00001b6f   Thumb Code     6  basic.o(x$fpl$basic)
    __aeabi_fneg                             0x00001b75   Thumb Code     0  basic.o(x$fpl$basic)
    _fneg                                    0x00001b75   Thumb Code     6  basic.o(x$fpl$basic)
    _dabs                                    0x00001b7b   Thumb Code     6  basic.o(x$fpl$basic)
    _fabs                                    0x00001b81   Thumb Code     6  basic.o(x$fpl$basic)
    __aeabi_d2f                              0x00001b89   Thumb Code     0  d2f.o(x$fpl$d2f)
    _d2f                                     0x00001b89   Thumb Code    98  d2f.o(x$fpl$d2f)
    __aeabi_dadd                             0x00001bed   Thumb Code     0  daddsub_clz.o(x$fpl$dadd)
    _dadd                                    0x00001bed   Thumb Code   332  daddsub_clz.o(x$fpl$dadd)
    __fpl_dcheck_NaN1                        0x00001d3d   Thumb Code    10  dcheck1.o(x$fpl$dcheck1)
    __fpl_dcmp_Inf                           0x00001d4d   Thumb Code    24  dcmpi.o(x$fpl$dcmpinf)
    __aeabi_ddiv                             0x00001d65   Thumb Code     0  ddiv.o(x$fpl$ddiv)
    _ddiv                                    0x00001d65   Thumb Code   552  ddiv.o(x$fpl$ddiv)
    __aeabi_i2d                              0x00002015   Thumb Code     0  dflt_clz.o(x$fpl$dflt)
    _dflt                                    0x00002015   Thumb Code    46  dflt_clz.o(x$fpl$dflt)
    __aeabi_cdcmple                          0x00002045   Thumb Code     0  dleqf.o(x$fpl$dleqf)
    _dcmple                                  0x00002045   Thumb Code   120  dleqf.o(x$fpl$dleqf)
    __fpl_dcmple_InfNaN                      0x000020a7   Thumb Code     0  dleqf.o(x$fpl$dleqf)
    __aeabi_dmul                             0x000020bd   Thumb Code     0  dmul.o(x$fpl$dmul)
    _dmul                                    0x000020bd   Thumb Code   332  dmul.o(x$fpl$dmul)
    __fpl_dnaninf                            0x00002211   Thumb Code   156  dnaninf.o(x$fpl$dnaninf)
    __fpl_dretinf                            0x000022ad   Thumb Code    12  dretinf.o(x$fpl$dretinf)
    __aeabi_cdrcmple                         0x000022b9   Thumb Code     0  drleqf.o(x$fpl$drleqf)
    _drcmple                                 0x000022b9   Thumb Code   108  drleqf.o(x$fpl$drleqf)
    __aeabi_drsub                            0x00002325   Thumb Code     0  daddsub_clz.o(x$fpl$drsb)
    _drsb                                    0x00002325   Thumb Code    22  daddsub_clz.o(x$fpl$drsb)
    _dsqrt                                   0x0000233d   Thumb Code   404  dsqrt_umaal.o(x$fpl$dsqrt)
    __aeabi_dsub                             0x000024d5   Thumb Code     0  daddsub_clz.o(x$fpl$dsub)
    _dsub                                    0x000024d5   Thumb Code   464  daddsub_clz.o(x$fpl$dsub)
    __aeabi_f2d                              0x000026a9   Thumb Code     0  f2d.o(x$fpl$f2d)
    _f2d                                     0x000026a9   Thumb Code    86  f2d.o(x$fpl$f2d)
    __fpl_fnaninf                            0x000026ff   Thumb Code   140  fnaninf.o(x$fpl$fnaninf)
    _fp_init                                 0x0000278b   Thumb Code    10  fpinit.o(x$fpl$fpinit)
    __fplib_config_fpu_vfp                   0x00002793   Thumb Code     0  fpinit.o(x$fpl$fpinit)
    __fplib_config_pureend_doubles           0x00002793   Thumb Code     0  fpinit.o(x$fpl$fpinit)
    __fpl_fretinf                            0x00002795   Thumb Code    10  fretinf.o(x$fpl$fretinf)
    __fpl_return_NaN                         0x0000279f   Thumb Code   100  retnan.o(x$fpl$retnan)
    __ARM_scalbn                             0x00002803   Thumb Code    92  scalbn.o(x$fpl$scalbn)
    __fpl_cmpreturn                          0x0000285f   Thumb Code    48  trapv.o(x$fpl$trapveneer)
    __I$use$fp                               0x0000288e   Number         0  usenofp.o(x$fpl$usenofp)
    __mathlib_zero                           0x00002938   Data           8  qnan.o(.constdata)
    Region$$Table$$Base                      0x00002940   Number         0  anon$$obj.o(Region$$Table)
    Region$$Table$$Limit                     0x00002950   Number         0  anon$$obj.o(Region$$Table)
    __libspace_start                         0x20000000   Data          96  libspace.o(.bss)
    __temporary_stack_top$libspace           0x20000060   Data           0  libspace.o(.bss)



==============================================================================

Memory Map of the image

  Image Entry point : 0x000002f1

  Load Region LR_1 (Base: 0x00000000, Size: 0x00002950, Max: 0xffffffff, ABSOLUTE)

    Execution Region ER_RO (Base: 0x00000000, Size: 0x00002950, Max: 0xffffffff, ABSOLUTE)

    Base Addr    Size         Type   Attr      Idx    E Section Name        Object

    0x00000000   0x0000026c   Data   RO            3    RESET               startup_tm4c123.o
    0x0000026c   0x00000008   Code   RO          146  * !!!main             c_w.l(__main.o)
    0x00000274   0x00000034   Code   RO          395    !!!scatter          c_w.l(__scatter.o)
    0x000002a8   0x0000001c   Code   RO          397    !!handler_zi        c_w.l(__scatter_zi.o)
    0x000002c4   0x00000002   Code   RO          265    .ARM.Collect$$libinit$$00000000  c_w.l(libinit.o)
    0x000002c6   0x00000004   Code   RO          272    .ARM.Collect$$libinit$$00000001  c_w.l(libinit2.o)
    0x000002ca   0x00000000   Code   RO          276    .ARM.Collect$$libinit$$00000008  c_w.l(libinit2.o)
    0x000002ca   0x00000000   Code   RO          278    .ARM.Collect$$libinit$$0000000A  c_w.l(libinit2.o)
    0x000002ca   0x00000000   Code   RO          280    .ARM.Collect$$libinit$$0000000C  c_w.l(libinit2.o)
    0x000002ca   0x00000000   Code   RO          283    .ARM.Collect$$libinit$$0000000F  c_w.l(libinit2.o)
    0x000002ca   0x00000000   Code   RO          285    .ARM.Collect$$libinit$$00000011  c_w.l(libinit2.o)
    0x000002ca   0x00000000   Code   RO          287    .ARM.Collect$$libinit$$00000013  c_w.l(libinit2.o)
    0x000002ca   0x00000000   Code   RO          289    .ARM.Collect$$libinit$$00000015  c_w.l(libinit2.o)
    0x000002ca   0x00000000   Code   RO          291    .ARM.Collect$$libinit$$00000017  c_w.l(libinit2.o)
    0x000002ca   0x00000000   Code   RO          293    .ARM.Collect$$libinit$$00000019  c_w.l(libinit2.o)
    0x000002ca   0x00000000   Code   RO          295    .ARM.Collect$$libinit$$0000001B  c_w.l(libinit2.o)
    0x000002ca   0x00000000   Code   RO          297    .ARM.Collect$$libinit$$0000001D  c_w.l(libinit2.o)
    0x000002ca   0x00000000   Code   RO          299    .ARM.Collect$$libinit$$0000001F  c_w.l(libinit2.o)
    0x000002ca   0x00000000   Code   RO          301    .ARM.Collect$$libinit$$00000021  c_w.l(libinit2.o)
    0x000002ca   0x00000000   Code   RO          303    .ARM.Collect$$libinit$$00000023  c_w.l(libinit2.o)
    0x000002ca   0x00000000   Code   RO          307    .ARM.Collect$$libinit$$0000002A  c_w.l(libinit2.o)
    0x000002ca   0x00000000   Code   RO          309    .ARM.Collect$$libinit$$0000002C  c_w.l(libinit2.o)
    0x000002ca   0x00000000   Code   RO          311    .ARM.Collect$$libinit$$0000002E  c_w.l(libinit2.o)
    0x000002ca   0x00000000   Code   RO          313    .ARM.Collect$$libinit$$00000030  c_w.l(libinit2.o)
    0x000002ca   0x00000002   Code   RO          314    .ARM.Collect$$libinit$$00000031  c_w.l(libinit2.o)
    0x000002cc   0x00000002   Code   RO          336    .ARM.Collect$$libshutdown$$00000000  c_w.l(libshutdown.o)
    0x000002ce   0x00000000   Code   RO          350    .ARM.Collect$$libshutdown$$00000003  c_w.l(libshutdown2.o)
    0x000002ce   0x00000000   Code   RO          353    .ARM.Collect$$libshutdown$$00000006  c_w.l(libshutdown2.o)
    0x000002ce   0x00000000   Code   RO          356    .ARM.Collect$$libshutdown$$00000009  c_w.l(libshutdown2.o)
    0x000002ce   0x00000000   Code   RO          358    .ARM.Collect$$libshutdown$$0000000B  c_w.l(libshutdown2.o)
    0x000002ce   0x00000000   Code   RO          361    .ARM.Collect$$libshutdown$$0000000E  c_w.l(libshutdown2.o)
    0x000002ce   0x00000002   Code   RO          362    .ARM.Collect$$libshutdown$$0000000F  c_w.l(libshutdown2.o)
    0x000002d0   0x00000000   Code   RO          180    .ARM.Collect$$rtentry$$00000000  c_w.l(rtentry.o)
    0x000002d0   0x00000000   Code   RO          228    .ARM.Collect$$rtentry$$00000002  c_w.l(rtentry2.o)
    0x000002d0   0x00000006   Code   RO          240    .ARM.Collect$$rtentry$$00000004  c_w.l(rtentry4.o)
    0x000002d6   0x00000000   Code   RO          230    .ARM.Collect$$rtentry$$00000009  c_w.l(rtentry2.o)
    0x000002d6   0x00000004   Code   RO          231    .ARM.Collect$$rtentry$$0000000A  c_w.l(rtentry2.o)
    0x000002da   0x00000000   Code   RO          233    .ARM.Collect$$rtentry$$0000000C  c_w.l(rtentry2.o)
    0x000002da   0x00000008   Code   RO          234    .ARM.Collect$$rtentry$$0000000D  c_w.l(rtentry2.o)
    0x000002e2   0x00000002   Code   RO          270    .ARM.Collect$$rtexit$$00000000  c_w.l(rtexit.o)
    0x000002e4   0x00000000   Code   RO          318    .ARM.Collect$$rtexit$$00000002  c_w.l(rtexit2.o)
    0x000002e4   0x00000004   Code   RO          319    .ARM.Collect$$rtexit$$00000003  c_w.l(rtexit2.o)
    0x000002e8   0x00000006   Code   RO          320    .ARM.Collect$$rtexit$$00000004  c_w.l(rtexit2.o)
    0x000002ee   0x00000002   PAD
    0x000002f0   0x00000124   Code   RO            4  * .text               startup_tm4c123.o
    0x00000414   0x000001b0   Code   RO           10    .text               main.o
    0x000005c4   0x00000144   Code   RO           36    .text               initialization.o
    0x00000708   0x00000030   Code   RO           51    .text               delay.o
    0x00000738   0x00000060   Code   RO           69    .text               dec_char.o
    0x00000798   0x0000030c   Code   RO           81    .text               change_decimal.o
    0x00000aa4   0x0000002a   Code   RO           93    .text               compute.o
    0x00000ace   0x00000002   PAD
    0x00000ad0   0x0000006c   Code   RO          105    .text               led.o
    0x00000b3c   0x000000b8   Code   RO          117    .text               get_key.o
    0x00000bf4   0x0000007c   Code   RO          130    .text               key_pad_init.o
    0x00000c70   0x00000006   Code   RO          144    .text               c_w.l(heapauxi.o)
    0x00000c76   0x00000016   Code   RO          181    .text               c_w.l(_rserrno.o)
    0x00000c8c   0x00000008   Code   RO          245    .text               c_w.l(rt_errno_addr_intlibspace.o)
    0x00000c94   0x00000008   Code   RO          253    .text               c_w.l(libspace.o)
    0x00000c9c   0x0000004a   Code   RO          256    .text               c_w.l(sys_stackheap_outer.o)
    0x00000ce6   0x0000000c   Code   RO          258    .text               c_w.l(exit.o)
    0x00000cf2   0x00000002   PAD
    0x00000cf4   0x0000000c   Code   RO          328    .text               c_w.l(sys_exit.o)
    0x00000d00   0x00000002   Code   RO          339    .text               c_w.l(use_no_semi.o)
    0x00000d02   0x00000000   Code   RO          341    .text               c_w.l(indicate_semi.o)
    0x00000d02   0x00000030   Code   RO          210    i.__ARM_fpclassify  m_wm.l(fpclassify.o)
    0x00000d32   0x00000006   PAD
    0x00000d38   0x00000c90   Code   RO          166    i.__hardfp_pow      m_wm.l(pow.o)
    0x000019c8   0x000000f8   Code   RO          212    i.__kernel_poly     m_wm.l(poly.o)
    0x00001ac0   0x00000020   Code   RO          202    i.__mathlib_dbl_underflow  m_wm.l(dunder.o)
    0x00001ae0   0x00000020   Code   RO          206    i.fabs              m_wm.l(fabs.o)
    0x00001b00   0x0000006e   Code   RO          217    i.sqrt              m_wm.l(sqrt.o)
    0x00001b6e   0x00000018   Code   RO          183    x$fpl$basic         fz_wm.l(basic.o)
    0x00001b86   0x00000002   PAD
    0x00001b88   0x00000062   Code   RO          148    x$fpl$d2f           fz_wm.l(d2f.o)
    0x00001bea   0x00000002   PAD
    0x00001bec   0x00000150   Code   RO          150    x$fpl$dadd          fz_wm.l(daddsub_clz.o)
    0x00001d3c   0x00000010   Code   RO          247    x$fpl$dcheck1       fz_wm.l(dcheck1.o)
    0x00001d4c   0x00000018   Code   RO          266    x$fpl$dcmpinf       fz_wm.l(dcmpi.o)
    0x00001d64   0x000002b0   Code   RO          186    x$fpl$ddiv          fz_wm.l(ddiv.o)
    0x00002014   0x0000002e   Code   RO          157    x$fpl$dflt          fz_wm.l(dflt_clz.o)
    0x00002042   0x00000002   PAD
    0x00002044   0x00000078   Code   RO          249    x$fpl$dleqf         fz_wm.l(dleqf.o)
    0x000020bc   0x00000154   Code   RO          162    x$fpl$dmul          fz_wm.l(dmul.o)
    0x00002210   0x0000009c   Code   RO          189    x$fpl$dnaninf       fz_wm.l(dnaninf.o)
    0x000022ac   0x0000000c   Code   RO          191    x$fpl$dretinf       fz_wm.l(dretinf.o)
    0x000022b8   0x0000006c   Code   RO          193    x$fpl$drleqf        fz_wm.l(drleqf.o)
    0x00002324   0x00000016   Code   RO          151    x$fpl$drsb          fz_wm.l(daddsub_clz.o)
    0x0000233a   0x00000002   PAD
    0x0000233c   0x00000198   Code   RO          251    x$fpl$dsqrt         fz_wm.l(dsqrt_umaal.o)
    0x000024d4   0x000001d4   Code   RO          152    x$fpl$dsub          fz_wm.l(daddsub_clz.o)
    0x000026a8   0x00000056   Code   RO          164    x$fpl$f2d           fz_wm.l(f2d.o)
    0x000026fe   0x0000008c   Code   RO          195    x$fpl$fnaninf       fz_wm.l(fnaninf.o)
    0x0000278a   0x0000000a   Code   RO          326    x$fpl$fpinit        fz_wm.l(fpinit.o)
    0x00002794   0x0000000a   Code   RO          197    x$fpl$fretinf       fz_wm.l(fretinf.o)
    0x0000279e   0x00000064   Code   RO          268    x$fpl$retnan        fz_wm.l(retnan.o)
    0x00002802   0x0000005c   Code   RO          199    x$fpl$scalbn        fz_wm.l(scalbn.o)
    0x0000285e   0x00000030   Code   RO          315    x$fpl$trapveneer    fz_wm.l(trapv.o)
    0x0000288e   0x00000000   Code   RO          201    x$fpl$usenofp       fz_wm.l(usenofp.o)
    0x0000288e   0x00000002   PAD
    0x00002890   0x00000020   Data   RO          118    .constdata          get_key.o
    0x000028b0   0x00000088   Data   RO          169    .constdata          m_wm.l(pow.o)
    0x00002938   0x00000008   Data   RO          214    .constdata          m_wm.l(qnan.o)
    0x00002940   0x00000010   Data   RO          393    Region$$Table       anon$$obj.o


    Execution Region ER_RW (Base: 0x20000000, Size: 0x00000000, Max: 0xffffffff, ABSOLUTE)

    **** No section assigned to this execution region ****


    Execution Region ER_ZI (Base: 0x20000000, Size: 0x00000260, Max: 0xffffffff, ABSOLUTE)

    Base Addr    Size         Type   Attr      Idx    E Section Name        Object

    0x20000000   0x00000060   Zero   RW          254    .bss                c_w.l(libspace.o)
    0x20000060   0x00000000   Zero   RW            2    HEAP                startup_tm4c123.o
    0x20000060   0x00000200   Zero   RW            1    STACK               startup_tm4c123.o


==============================================================================

Image component sizes


      Code (inc. data)   RO Data    RW Data    ZI Data      Debug   Object Name

       780         32          0          0          0       1065   change_decimal.o
        42          0          0          0          0        566   compute.o
        96          0          0          0          0        746   dec_char.o
        48          0          0          0          0        616   delay.o
       184         14         32          0          0        828   get_key.o
       324         28          0          0          0        860   initialization.o
       124         24          0          0          0        438   key_pad_init.o
       108         22          0          0          0       1058   led.o
       432         14          0          0          0       5254   main.o
       292         24        620          0        512       5388   startup_tm4c123.o

    ----------------------------------------------------------------------
      2432        158        668          0        512      16819   Object Totals
         0          0         16          0          0          0   (incl. Generated)
         2          0          0          0          0          0   (incl. Padding)

    ----------------------------------------------------------------------

      Code (inc. data)   RO Data    RW Data    ZI Data      Debug   Library Member Name

         8          0          0          0          0         68   __main.o
        52          8          0          0          0          0   __scatter.o
        28          0          0          0          0          0   __scatter_zi.o
        22          0          0          0          0        100   _rserrno.o
        12          0          0          0          0         72   exit.o
         6          0          0          0          0        152   heapauxi.o
         0          0          0          0          0          0   indicate_semi.o
         2          0          0          0          0          0   libinit.o
         6          0          0          0          0          0   libinit2.o
         2          0          0          0          0          0   libshutdown.o
         2          0          0          0          0          0   libshutdown2.o
         8          4          0          0         96         68   libspace.o
         8          4          0          0          0         68   rt_errno_addr_intlibspace.o
         0          0          0          0          0          0   rtentry.o
        12          0          0          0          0          0   rtentry2.o
         6          0          0          0          0          0   rtentry4.o
         2          0          0          0          0          0   rtexit.o
        10          0          0          0          0          0   rtexit2.o
        12          4          0          0          0         68   sys_exit.o
        74          0          0          0          0         80   sys_stackheap_outer.o
         2          0          0          0          0         68   use_no_semi.o
        24          0          0          0          0        164   basic.o
        98          4          0          0          0        140   d2f.o
       826         16          0          0          0        492   daddsub_clz.o
        16          4          0          0          0        116   dcheck1.o
        24          0          0          0          0        116   dcmpi.o
       688        140          0          0          0        256   ddiv.o
        46          0          0          0          0        116   dflt_clz.o
       120          4          0          0          0        140   dleqf.o
       340         12          0          0          0        152   dmul.o
       156          4          0          0          0        140   dnaninf.o
        12          0          0          0          0        116   dretinf.o
       108          0          0          0          0        128   drleqf.o
       408         56          0          0          0        168   dsqrt_umaal.o
        86          4          0          0          0        132   f2d.o
       140          4          0          0          0        132   fnaninf.o
        10          0          0          0          0        116   fpinit.o
        10          0          0          0          0        116   fretinf.o
       100          0          0          0          0        116   retnan.o
        92          0          0          0          0        116   scalbn.o
        48          0          0          0          0        116   trapv.o
         0          0          0          0          0          0   usenofp.o
        32          8          0          0          0        124   dunder.o
        32          0          0          0          0        124   fabs.o
        48          0          0          0          0        124   fpclassify.o
       248          0          0          0          0        152   poly.o
      3216        310        136          0          0        216   pow.o
         0          0          8          0          0          0   qnan.o
       110          0          0          0          0        148   sqrt.o

    ----------------------------------------------------------------------
      7332        586        144          0         96       4720   Library Totals
        20          0          0          0          0          0   (incl. Padding)

    ----------------------------------------------------------------------

      Code (inc. data)   RO Data    RW Data    ZI Data      Debug   Library Name

       274         20          0          0         96        744   c_w.l
      3352        248          0          0          0       3088   fz_wm.l
      3686        318        144          0          0        888   m_wm.l

    ----------------------------------------------------------------------
      7332        586        144          0         96       4720   Library Totals

    ----------------------------------------------------------------------

==============================================================================


      Code (inc. data)   RO Data    RW Data    ZI Data      Debug   

      9764        744        812          0        608      17875   Grand Totals
      9764        744        812          0        608      17875   ELF Image Totals
      9764        744        812          0          0          0   ROM Totals

==============================================================================

    Total RO  Size (Code + RO Data)                10576 (  10.33kB)
    Total RW  Size (RW Data + ZI Data)               608 (   0.59kB)
    Total ROM Size (Code + RO Data + RW Data)      10576 (  10.33kB)

==============================================================================

